Archive member included to satisfy reference by file (symbol)

d:/mcuxpressoide_11.6.0_8187/ide/plugins/com.nxp.mcuxpresso.tools.win32_11.6.0.202112161359/tools/bin/../lib/gcc/arm-none-eabi/10.3.1/../../../../arm-none-eabi/lib/thumb/v6-m/nofp\libcr_semihost_nf.a(_cr__main.o)
                              ./startup/startup_mkl25z4.o (__main)
d:/mcuxpressoide_11.6.0_8187/ide/plugins/com.nxp.mcuxpresso.tools.win32_11.6.0.202112161359/tools/bin/../lib/gcc/arm-none-eabi/10.3.1/../../../../arm-none-eabi/lib/thumb/v6-m/nofp\libcr_semihost_nf.a(_cr_assert.o)
                              ./drivers/fsl_clock.o (__assertion_failed)
d:/mcuxpressoide_11.6.0_8187/ide/plugins/com.nxp.mcuxpresso.tools.win32_11.6.0.202112161359/tools/bin/../lib/gcc/arm-none-eabi/10.3.1/../../../../arm-none-eabi/lib/thumb/v6-m/nofp\libcr_semihost_nf.a(__ciob.o)
                              d:/mcuxpressoide_11.6.0_8187/ide/plugins/com.nxp.mcuxpresso.tools.win32_11.6.0.202112161359/tools/bin/../lib/gcc/arm-none-eabi/10.3.1/../../../../arm-none-eabi/lib/thumb/v6-m/nofp\libcr_semihost_nf.a(_cr_assert.o) (__Ciob)
d:/mcuxpressoide_11.6.0_8187/ide/plugins/com.nxp.mcuxpresso.tools.win32_11.6.0.202112161359/tools/bin/../lib/gcc/arm-none-eabi/10.3.1/../../../../arm-none-eabi/lib/thumb/v6-m/nofp\libcr_semihost_nf.a(__sys_appexit.o)
                              d:/mcuxpressoide_11.6.0_8187/ide/plugins/com.nxp.mcuxpresso.tools.win32_11.6.0.202112161359/tools/bin/../lib/gcc/arm-none-eabi/10.3.1/../../../../arm-none-eabi/lib/thumb/v6-m/nofp\libcr_semihost_nf.a(_cr_assert.o) (__sys_appexit)
d:/mcuxpressoide_11.6.0_8187/ide/plugins/com.nxp.mcuxpresso.tools.win32_11.6.0.202112161359/tools/bin/../lib/gcc/arm-none-eabi/10.3.1/../../../../arm-none-eabi/lib/thumb/v6-m/nofp\libcr_c.a(memcpy.o)
                              ./drivers/fsl_flash.o (memcpy)
d:/mcuxpressoide_11.6.0_8187/ide/plugins/com.nxp.mcuxpresso.tools.win32_11.6.0.202112161359/tools/bin/../lib/gcc/arm-none-eabi/10.3.1/../../../../arm-none-eabi/lib/thumb/v6-m/nofp\libcr_c.a(memset.o)
                              ./drivers/fsl_flash.o (memset)
d:/mcuxpressoide_11.6.0_8187/ide/plugins/com.nxp.mcuxpresso.tools.win32_11.6.0.202112161359/tools/bin/../lib/gcc/arm-none-eabi/10.3.1/../../../../arm-none-eabi/lib/thumb/v6-m/nofp\libcr_c.a(_deferredlazyseek.o)
                              d:/mcuxpressoide_11.6.0_8187/ide/plugins/com.nxp.mcuxpresso.tools.win32_11.6.0.202112161359/tools/bin/../lib/gcc/arm-none-eabi/10.3.1/../../../../arm-none-eabi/lib/thumb/v6-m/nofp\libcr_semihost_nf.a(_cr_assert.o) (__flsbuf)
d:/mcuxpressoide_11.6.0_8187/ide/plugins/com.nxp.mcuxpresso.tools.win32_11.6.0.202112161359/tools/bin/../lib/gcc/arm-none-eabi/10.3.1/../../../../arm-none-eabi/lib/thumb/v6-m/nofp\libcr_c.a(_fflush.o)
                              d:/mcuxpressoide_11.6.0_8187/ide/plugins/com.nxp.mcuxpresso.tools.win32_11.6.0.202112161359/tools/bin/../lib/gcc/arm-none-eabi/10.3.1/../../../../arm-none-eabi/lib/thumb/v6-m/nofp\libcr_c.a(_deferredlazyseek.o) (_fflush)
d:/mcuxpressoide_11.6.0_8187/ide/plugins/com.nxp.mcuxpresso.tools.win32_11.6.0.202112161359/tools/bin/../lib/gcc/arm-none-eabi/10.3.1/../../../../arm-none-eabi/lib/thumb/v6-m/nofp\libcr_c.a(_writebuf.o)
                              d:/mcuxpressoide_11.6.0_8187/ide/plugins/com.nxp.mcuxpresso.tools.win32_11.6.0.202112161359/tools/bin/../lib/gcc/arm-none-eabi/10.3.1/../../../../arm-none-eabi/lib/thumb/v6-m/nofp\libcr_c.a(_deferredlazyseek.o) (_Cwritebuf)
d:/mcuxpressoide_11.6.0_8187/ide/plugins/com.nxp.mcuxpresso.tools.win32_11.6.0.202112161359/tools/bin/../lib/gcc/arm-none-eabi/10.3.1/../../../../arm-none-eabi/lib/thumb/v6-m/nofp\libcr_c.a(alloc.o)
                              d:/mcuxpressoide_11.6.0_8187/ide/plugins/com.nxp.mcuxpresso.tools.win32_11.6.0.202112161359/tools/bin/../lib/gcc/arm-none-eabi/10.3.1/../../../../arm-none-eabi/lib/thumb/v6-m/nofp\libcr_c.a(_deferredlazyseek.o) (_Csys_alloc)
d:/mcuxpressoide_11.6.0_8187/ide/plugins/com.nxp.mcuxpresso.tools.win32_11.6.0.202112161359/tools/bin/../lib/gcc/arm-none-eabi/10.3.1/../../../../arm-none-eabi/lib/thumb/v6-m/nofp\libcr_c.a(fputs.o)
                              d:/mcuxpressoide_11.6.0_8187/ide/plugins/com.nxp.mcuxpresso.tools.win32_11.6.0.202112161359/tools/bin/../lib/gcc/arm-none-eabi/10.3.1/../../../../arm-none-eabi/lib/thumb/v6-m/nofp\libcr_semihost_nf.a(_cr_assert.o) (fputs)
d:/mcuxpressoide_11.6.0_8187/ide/plugins/com.nxp.mcuxpresso.tools.win32_11.6.0.202112161359/tools/bin/../lib/gcc/arm-none-eabi/10.3.1/../../../../arm-none-eabi/lib/thumb/v6-m/nofp\libcr_c.a(fseek.o)
                              d:/mcuxpressoide_11.6.0_8187/ide/plugins/com.nxp.mcuxpresso.tools.win32_11.6.0.202112161359/tools/bin/../lib/gcc/arm-none-eabi/10.3.1/../../../../arm-none-eabi/lib/thumb/v6-m/nofp\libcr_c.a(_deferredlazyseek.o) (fseek)
[...]
Memory Configuration

Name             Origin             Length             Attributes
PROGRAM_FLASH    0x00000000         0x00020000         xr
SRAM             0x1ffff000         0x00004000         xrw
*default*        0x00000000         0xffffffff

Linker script and memory map

LOAD ./utilities/fsl_debug_console.o
LOAD ./startup/startup_mkl25z4.o
LOAD ./source/ADC.o
LOAD ./source/Autotune.o
LOAD ./source/DAC.o
LOAD ./source/DMA.o
LOAD ./source/TPM.o
LOAD ./source/autocorrelate.o
LOAD ./source/mtb.o
LOAD ./source/semihost_hardfault.o
LOAD ./source/sin.o
LOAD ./source/systick.o
LOAD ./source/test_sine.o
LOAD ./drivers/fsl_clock.o
LOAD ./drivers/fsl_common.o
LOAD ./drivers/fsl_flash.o
LOAD ./drivers/fsl_gpio.o
LOAD ./drivers/fsl_lpsci.o
LOAD ./drivers/fsl_smc.o
LOAD ./drivers/fsl_uart.o
LOAD ./board/board.o
LOAD ./board/clock_config.o
LOAD ./board/peripherals.o
LOAD ./board/pin_mux.o
LOAD ./CMSIS/system_MKL25Z4.o
LOAD C:/Users/itssh/Documents/MCUXpressoIDE_11.6.0_8187/workspace/PBKDF2/Autotune/Debug/source/fp_trig.o
START GROUP
LOAD d:/mcuxpressoide_11.6.0_8187/ide/plugins/com.nxp.mcuxpresso.tools.win32_11.6.0.202112161359/tools/bin/../lib/gcc/arm-none-eabi/10.3.1/../../../../arm-none-eabi/lib/thumb/v6-m/nofp\libcr_semihost_nf.a
LOAD d:/mcuxpressoide_11.6.0_8187/ide/plugins/com.nxp.mcuxpresso.tools.win32_11.6.0.202112161359/tools/bin/../lib/gcc/arm-none-eabi/10.3.1/../../../../arm-none-eabi/lib/thumb/v6-m/nofp\libcr_c.a
LOAD d:/mcuxpressoide_11.6.0_8187/ide/plugins/com.nxp.mcuxpresso.tools.win32_11.6.0.202112161359/tools/bin/../lib/gcc/arm-none-eabi/10.3.1/thumb/v6-m/nofp\libcr_eabihelpers.a
LOAD d:/mcuxpressoide_11.6.0_8187/ide/plugins/com.nxp.mcuxpresso.tools.win32_11.6.0.202112161359/tools/bin/../lib/gcc/arm-none-eabi/10.3.1/thumb/v6-m/nofp\libgcc.a
END GROUP
                0x00000000                __base_PROGRAM_FLASH = 0x0
                0x00000000                __base_Flash = 0x0
                0x00020000                __top_PROGRAM_FLASH = 0x20000
                0x00020000                __top_Flash = 0x20000
                0x1ffff000                __base_SRAM = 0x1ffff000
                0x1ffff000                __base_RAM = 0x1ffff000
                0x20003000                __top_SRAM = 0x20003000
                0x20003000                __top_RAM = 0x20003000

.text           0x00000000     0x4198
 FILL mask 0xff
                0x00000000                __vectors_start__ = ABSOLUTE (.)
 *(SORT_BY_ALIGNMENT(.isr_vector))
 .isr_vector    0x00000000       0xc0 ./startup/startup_mkl25z4.o
                0x00000000                g_pfnVectors
                0x00000000                __Vectors
                0x000000c0                . = ALIGN (0x4)
                0x000000c0                __section_table_start = .
                0x000000c0                __data_section_table = .
                0x000000c0        0x4 LONG 0x4198 LOADADDR (.data)
                0x000000c4        0x4 LONG 0x1ffff080 ADDR (.data)
                0x000000c8        0x4 LONG 0x8 SIZEOF (.data)
                0x000000cc                __data_section_table_end = .
                0x000000cc                __bss_section_table = .
                0x000000cc        0x4 LONG 0x1ffff088 ADDR (.bss)
                0x000000d0        0x4 LONG 0x27bc SIZEOF (.bss)
                0x000000d4                __bss_section_table_end = .
                0x000000d4                __section_table_end = .
 *(SORT_BY_ALIGNMENT(.after_vectors*))
 .after_vectors.reset
                0x000000d4       0x4c ./startup/startup_mkl25z4.o
                0x000000d4                ResetISR
 .after_vectors.init_data
                0x00000120       0x12 ./startup/startup_mkl25z4.o
                0x00000120                data_init
 .after_vectors.init_bss
                0x00000132       0x10 ./startup/startup_mkl25z4.o
                0x00000132                bss_init
 .after_vectors
                0x00000142      0x10c ./startup/startup_mkl25z4.o
                0x00000142                NMI_Handler
                0x00000146                SVC_Handler
                0x00000148                PendSV_Handler
                0x0000014c                SPI1_DriverIRQHandler
                0x0000014c                LPTMR0_DriverIRQHandler
                0x0000014c                DMA0_DriverIRQHandler
                0x0000014c                I2C0_DriverIRQHandler
                0x0000014c                Reserved39_DriverIRQHandler
                0x0000014c                PORTD_DriverIRQHandler
                0x0000014c                DMA2_DriverIRQHandler
                0x0000014c                CMP0_DriverIRQHandler
                0x0000014c                TPM2_DriverIRQHandler
                0x0000014c                ADC0_DriverIRQHandler
                0x0000014c                SPI0_DriverIRQHandler
                0x0000014c                TSI0_DriverIRQHandler
                0x0000014c                RTC_Seconds_DriverIRQHandler
                0x0000014c                I2C1_DriverIRQHandler
                0x0000014c                DMA1_DriverIRQHandler
                0x0000014c                LLWU_DriverIRQHandler
                0x0000014c                MCG_DriverIRQHandler
                0x0000014c                PIT_DriverIRQHandler
                0x0000014c                RTC_DriverIRQHandler
                0x0000014c                TPM1_DriverIRQHandler
                0x0000014c                FTFA_DriverIRQHandler
                0x0000014c                IntDefaultHandler
                0x0000014c                USB0_DriverIRQHandler
                0x0000014c                DAC0_DriverIRQHandler
                0x0000014c                PORTA_DriverIRQHandler
                0x0000014c                LVD_LVW_DriverIRQHandler
                0x0000014c                TPM0_DriverIRQHandler
                0x0000014c                Reserved45_DriverIRQHandler
                0x0000014c                DMA3_DriverIRQHandler
                0x0000014c                Reserved20_DriverIRQHandler
                0x00000156                DMA1_IRQHandler
                0x0000015e                DMA2_IRQHandler
                0x00000166                DMA3_IRQHandler
                0x0000016e                Reserved20_IRQHandler
                0x00000176                FTFA_IRQHandler
                0x0000017e                LVD_LVW_IRQHandler
                0x00000186                LLWU_IRQHandler
                0x0000018e                I2C0_IRQHandler
                0x00000196                I2C1_IRQHandler
                0x0000019e                SPI0_IRQHandler
                0x000001a6                SPI1_IRQHandler
                0x000001ae                UART0_IRQHandler
                0x000001b6                UART1_IRQHandler
                0x000001be                UART2_IRQHandler
                0x000001c6                ADC0_IRQHandler
                0x000001ce                CMP0_IRQHandler
                0x000001d6                TPM0_IRQHandler
                0x000001de                TPM1_IRQHandler
                0x000001e6                TPM2_IRQHandler
                0x000001ee                RTC_IRQHandler
                0x000001f6                RTC_Seconds_IRQHandler
                0x000001fe                PIT_IRQHandler
                0x00000206                Reserved39_IRQHandler
                0x0000020e                USB0_IRQHandler
                0x00000216                DAC0_IRQHandler
                0x0000021e                TSI0_IRQHandler
                0x00000226                MCG_IRQHandler
                0x0000022e                LPTMR0_IRQHandler
                0x00000236                Reserved45_IRQHandler
                0x0000023e                PORTA_IRQHandler
                0x00000246                PORTD_IRQHandler
                0x00000400                . = 0x400
 *fill*         0x0000024e      0x1b2 ff
                0x00000400                PROVIDE (__FLASH_CONFIG_START__ = .)
 *(SORT_BY_ALIGNMENT(.FlashConfig))
 .FlashConfig   0x00000400       0x10 ./startup/startup_mkl25z4.o
                0x00000400                Flash_Config
                0x00000410                PROVIDE (__FLASH_CONFIG_END__ = .)
                0x00000001                ASSERT (! ((__FLASH_CONFIG_START__ == __FLASH_CONFIG_END__)), Linker Flash Config Support Enabled, but no .FlashConfig section provided within application)
 *(SORT_BY_ALIGNMENT(.text*))
 .text.DbgConsole_Init
                0x00000410       0xf4 ./utilities/fsl_debug_console.o
                0x00000410                DbgConsole_Init
 .text.Init_ADC0
                0x00000504       0x9c ./source/ADC.o
                0x00000504                Init_ADC0
 .text.ADC_analyse
                0x000005a0       0xe8 ./source/ADC.o
                0x000005a0                ADC_analyse
 .text.main     0x00000688      0x138 ./source/Autotune.o
                0x00000688                main
 .text.Init_DAC0
                0x000007c0       0x94 ./source/DAC.o
                0x000007c0                Init_DAC0
 .text.NVIC_EnableIRQ
                0x00000854       0x2c ./source/DMA.o
 .text.NVIC_ClearPendingIRQ
                0x00000880       0x30 ./source/DMA.o
 .text.NVIC_SetPriority
                0x000008b0       0xdc ./source/DMA.o
 .text.Init_DMA
                0x0000098c       0x98 ./source/DMA.o
                0x0000098c                Init_DMA
 .text.DMA0_start_transfer
                0x00000a24       0x70 ./source/DMA.o
                0x00000a24                DMA0_start_transfer
 .text.DMA0_IRQHandler
                0x00000a94       0x28 ./source/DMA.o
                0x00000a94                DMA0_IRQHandler
 .text.Init_TPM0
                0x00000abc       0x58 ./source/TPM.o
                0x00000abc                Init_TPM0
 .text.Init_TPM1
                0x00000b14       0x74 ./source/TPM.o
                0x00000b14                Init_TPM1
 .text.start_TPM
                0x00000b88       0x1c ./source/TPM.o
                0x00000b88                start_TPM
 .text.autocorrelate_detect_period
                0x00000ba4      0x188 ./source/autocorrelate.o
                0x00000ba4                autocorrelate_detect_period
 .text.HardFault_Handler
                0x00000d2c       0x30 ./source/semihost_hardfault.o
                0x00000d2c                HardFault_Handler
 .text.tone_to_samples
                0x00000d5c      0x174 ./source/sin.o
                0x00000d5c                tone_to_samples
 .text.change_tone
                0x00000ed0       0xb8 ./source/sin.o
                0x00000ed0                change_tone
 .text.compute_samples
                0x00000f88       0x74 ./source/sin.o
                0x00000f88                compute_samples
 .text.NVIC_ClearPendingIRQ
                0x00000ffc       0x30 ./source/systick.o
 .text.NVIC_SetPriority
                0x0000102c       0xdc ./source/systick.o
 .text.Init_SysTick
                0x00001108       0x3c ./source/systick.o
                0x00001108                Init_SysTick
 .text.SysTick_Handler
                0x00001144       0x30 ./source/systick.o
                0x00001144                SysTick_Handler
 .text.CLOCK_SetEr32kClock
                0x00001174       0x34 ./drivers/fsl_clock.o
 .text.CLOCK_SetPllFllSelClock
                0x000011a8       0x38 ./drivers/fsl_clock.o
 .text.CLOCK_GetMcgExtClkFreq
                0x000011e0       0x28 ./drivers/fsl_clock.o
 .text.CLOCK_GetFllExtRefClkFreq
                0x00001208       0xa8 ./drivers/fsl_clock.o
 .text.CLOCK_GetFllRefClkFreq
                0x000012b0       0x2c ./drivers/fsl_clock.o
 .text.CLOCK_GetOscRangeFromFreq
                0x000012dc       0x4c ./drivers/fsl_clock.o
 .text.CLOCK_GetPllFllSelClkFreq
                0x00001328       0x4c ./drivers/fsl_clock.o
                0x00001328                CLOCK_GetPllFllSelClkFreq
 .text.CLOCK_SetSimConfig
                0x00001374       0x38 ./drivers/fsl_clock.o
                0x00001374                CLOCK_SetSimConfig
 .text.CLOCK_GetFllFreq
                0x000013ac       0x84 ./drivers/fsl_clock.o
                0x000013ac                CLOCK_GetFllFreq
 .text.CLOCK_GetPll0Freq
                0x00001430       0x70 ./drivers/fsl_clock.o
                0x00001430                CLOCK_GetPll0Freq
 .text.CLOCK_SetInternalRefClkConfig
                0x000014a0      0x124 ./drivers/fsl_clock.o
                0x000014a0                CLOCK_SetInternalRefClkConfig
 .text.CLOCK_EnablePll0
                0x000015c4       0x94 ./drivers/fsl_clock.o
                0x000015c4                CLOCK_EnablePll0
 .text.CLOCK_InitOsc0
                0x00001658       0x94 ./drivers/fsl_clock.o
                0x00001658                CLOCK_InitOsc0
 .text.CLOCK_SetPbeMode
                0x000016ec       0xb0 ./drivers/fsl_clock.o
                0x000016ec                CLOCK_SetPbeMode
 .text.CLOCK_BootToPeeMode
                0x0000179c       0x70 ./drivers/fsl_clock.o
                0x0000179c                CLOCK_BootToPeeMode
 .text.CLOCK_EnableClock
                0x0000180c       0x34 ./drivers/fsl_lpsci.o
 .text.LPSCI_GetInstance
                0x00001840       0x48 ./drivers/fsl_lpsci.o
                0x00001840                LPSCI_GetInstance
 .text.LPSCI_Init
                0x00001888      0x258 ./drivers/fsl_lpsci.o
                0x00001888                LPSCI_Init
 .text.LPSCI_GetDefaultConfig
                0x00001ae0       0x44 ./drivers/fsl_lpsci.o
                0x00001ae0                LPSCI_GetDefaultConfig
 .text.LPSCI_ClearStatusFlags
                0x00001b24       0x94 ./drivers/fsl_lpsci.o
                0x00001b24                LPSCI_ClearStatusFlags
 .text.LPSCI_WriteBlocking
                0x00001bb8       0x4c ./drivers/fsl_lpsci.o
                0x00001bb8                LPSCI_WriteBlocking
 .text.LPSCI_ReadBlocking
                0x00001c04       0xc0 ./drivers/fsl_lpsci.o
                0x00001c04                LPSCI_ReadBlocking
 .text.UART0_DriverIRQHandler
                0x00001cc4       0x24 ./drivers/fsl_lpsci.o
                0x00001cc4                UART0_DriverIRQHandler
 .text.CLOCK_EnableClock
                0x00001ce8       0x34 ./drivers/fsl_uart.o
 .text.UART_GetInstance
                0x00001d1c       0x54 ./drivers/fsl_uart.o
                0x00001d1c                UART_GetInstance
 .text.UART_Init
                0x00001d70      0x1e0 ./drivers/fsl_uart.o
                0x00001d70                UART_Init
 .text.UART_GetDefaultConfig
                0x00001f50       0x44 ./drivers/fsl_uart.o
                0x00001f50                UART_GetDefaultConfig
 .text.UART_ReadBlocking
                0x00001f94       0x98 ./drivers/fsl_uart.o
                0x00001f94                UART_ReadBlocking
 .text.UART1_DriverIRQHandler
                0x0000202c       0x24 ./drivers/fsl_uart.o
                0x0000202c                UART1_DriverIRQHandler
 .text.UART2_DriverIRQHandler
                0x00002050       0x24 ./drivers/fsl_uart.o
                0x00002050                UART2_DriverIRQHandler
 .text.CLOCK_SetLpsci0Clock
                0x00002074       0x38 ./board/board.o
 .text.BOARD_InitDebugConsole
                0x000020ac       0x30 ./board/board.o
                0x000020ac                BOARD_InitDebugConsole
 .text.CLOCK_SetSimSafeDivs
                0x000020dc       0x20 ./board/clock_config.o
 .text.CLOCK_SetXtal0Freq
                0x000020fc       0x1c ./board/clock_config.o
 .text.CLOCK_CONFIG_SetFllExtRefDiv
                0x00002118       0x3c ./board/clock_config.o
 .text.BOARD_BootClockRUN
                0x00002154       0x64 ./board/clock_config.o
                0x00002154                BOARD_BootClockRUN
 .text.CLOCK_EnableClock
                0x000021b8       0x34 ./board/pin_mux.o
 .text.PORT_SetPinMux
                0x000021ec       0x40 ./board/pin_mux.o
 .text.BOARD_InitPins
                0x0000222c       0x4c ./board/pin_mux.o
                0x0000222c                BOARD_InitPins
 .text.SystemInit
                0x00002278       0x18 ./CMSIS/system_MKL25Z4.o
                0x00002278                SystemInit
 .text.fp_sin   0x00002290      0x118 C:/Users/itssh/Documents/MCUXpressoIDE_11.6.0_8187/workspace/PBKDF2/Autotune/Debug/source/fp_trig.o
                0x00002290                fp_sin
 .text.__assertion_failed
                0x000023a8       0x4c d:/mcuxpressoide_11.6.0_8187/ide/plugins/com.nxp.mcuxpresso.tools.win32_11.6.0.202112161359/tools/bin/../lib/gcc/arm-none-eabi/10.3.1/../../../../arm-none-eabi/lib/thumb/v6-m/nofp\libcr_semihost_nf.a(_cr_assert.o)
                0x000023a8                __assertion_failed
 .text.__sys_appexit
                0x000023f4        0xc d:/mcuxpressoide_11.6.0_8187/ide/plugins/com.nxp.mcuxpresso.tools.win32_11.6.0.202112161359/tools/bin/../lib/gcc/arm-none-eabi/10.3.1/../../../../arm-none-eabi/lib/thumb/v6-m/nofp\libcr_semihost_nf.a(__sys_appexit.o)
                0x000023f4                __sys_appexit
                0x000023f4                __exit
 .text._deferredlazyseek
                0x00002400       0x40 d:/mcuxpressoide_11.6.0_8187/ide/plugins/com.nxp.mcuxpresso.tools.win32_11.6.0.202112161359/tools/bin/../lib/gcc/arm-none-eabi/10.3.1/../../../../arm-none-eabi/lib/thumb/v6-m/nofp\libcr_c.a(_deferredlazyseek.o)
                0x00002400                _deferredlazyseek
 .text.__flsbuf
                0x00002440      0x150 d:/mcuxpressoide_11.6.0_8187/ide/plugins/com.nxp.mcuxpresso.tools.win32_11.6.0.202112161359/tools/bin/../lib/gcc/arm-none-eabi/10.3.1/../../../../arm-none-eabi/lib/thumb/v6-m/nofp\libcr_c.a(_deferredlazyseek.o)
                0x00002440                __flsbuf
 .text._fflush  0x00002590       0x60 d:/mcuxpressoide_11.6.0_8187/ide/plugins/com.nxp.mcuxpresso.tools.win32_11.6.0.202112161359/tools/bin/../lib/gcc/arm-none-eabi/10.3.1/../../../../arm-none-eabi/lib/thumb/v6-m/nofp\libcr_c.a(_fflush.o)
                0x00002590                _fflush
 .text._Cwritebuf
                0x000025f0       0x68 d:/mcuxpressoide_11.6.0_8187/ide/plugins/com.nxp.mcuxpresso.tools.win32_11.6.0.202112161359/tools/bin/../lib/gcc/arm-none-eabi/10.3.1/../../../../arm-none-eabi/lib/thumb/v6-m/nofp\libcr_c.a(_writebuf.o)
                0x000025f0                _Cwritebuf
 .text.malloc   0x00002658       0xcc d:/mcuxpressoide_11.6.0_8187/ide/plugins/com.nxp.mcuxpresso.tools.win32_11.6.0.202112161359/tools/bin/../lib/gcc/arm-none-eabi/10.3.1/../../../../arm-none-eabi/lib/thumb/v6-m/nofp\libcr_c.a(alloc.o)
                0x00002658                malloc
 .text._Csys_alloc
                0x00002724       0x20 d:/mcuxpressoide_11.6.0_8187/ide/plugins/com.nxp.mcuxpresso.tools.win32_11.6.0.202112161359/tools/bin/../lib/gcc/arm-none-eabi/10.3.1/../../../../arm-none-eabi/lib/thumb/v6-m/nofp\libcr_c.a(alloc.o)
                0x00002724                _Csys_alloc
 .text.fseek    0x00002744       0xf0 d:/mcuxpressoide_11.6.0_8187/ide/plugins/com.nxp.mcuxpresso.tools.win32_11.6.0.202112161359/tools/bin/../lib/gcc/arm-none-eabi/10.3.1/../../../../arm-none-eabi/lib/thumb/v6-m/nofp\libcr_c.a(fseek.o)
                0x00002744                fseek
 .text.ftell    0x00002834       0x48 d:/mcuxpressoide_11.6.0_8187/ide/plugins/com.nxp.mcuxpresso.tools.win32_11.6.0.202112161359/tools/bin/../lib/gcc/arm-none-eabi/10.3.1/../../../../arm-none-eabi/lib/thumb/v6-m/nofp\libcr_c.a(ftell.o)
                0x00002834                ftell
 .text._initio  0x0000287c       0x7c d:/mcuxpressoide_11.6.0_8187/ide/plugins/com.nxp.mcuxpresso.tools.win32_11.6.0.202112161359/tools/bin/../lib/gcc/arm-none-eabi/10.3.1/../../../../arm-none-eabi/lib/thumb/v6-m/nofp\libcr_c.a(initio.o)
                0x0000287c                _initio
 .text.__vfprintf
                0x000028f8      0xd40 d:/mcuxpressoide_11.6.0_8187/ide/plugins/com.nxp.mcuxpresso.tools.win32_11.6.0.202112161359/tools/bin/../lib/gcc/arm-none-eabi/10.3.1/../../../../arm-none-eabi/lib/thumb/v6-m/nofp\libcr_c.a(printf.o)
                0x000028f8                __vfprintf
 .text._vsnprintf
                0x00003638       0x70 d:/mcuxpressoide_11.6.0_8187/ide/plugins/com.nxp.mcuxpresso.tools.win32_11.6.0.202112161359/tools/bin/../lib/gcc/arm-none-eabi/10.3.1/../../../../arm-none-eabi/lib/thumb/v6-m/nofp\libcr_c.a(printf.o)
                0x00003638                _vsnprintf
 .text._printf  0x000036a8       0x50 d:/mcuxpressoide_11.6.0_8187/ide/plugins/com.nxp.mcuxpresso.tools.win32_11.6.0.202112161359/tools/bin/../lib/gcc/arm-none-eabi/10.3.1/../../../../arm-none-eabi/lib/thumb/v6-m/nofp\libcr_c.a(printf.o)
                0x000036a8                _printf
 .text.setvbuf  0x000036f8       0x4c d:/mcuxpressoide_11.6.0_8187/ide/plugins/com.nxp.mcuxpresso.tools.win32_11.6.0.202112161359/tools/bin/../lib/gcc/arm-none-eabi/10.3.1/../../../../arm-none-eabi/lib/thumb/v6-m/nofp\libcr_c.a(setvbuf.o)
                0x000036f8                setvbuf
 .text.strlen   0x00003744       0x58 d:/mcuxpressoide_11.6.0_8187/ide/plugins/com.nxp.mcuxpresso.tools.win32_11.6.0.202112161359/tools/bin/../lib/gcc/arm-none-eabi/10.3.1/../../../../arm-none-eabi/lib/thumb/v6-m/nofp\libcr_c.a(strlen.o)
                0x00003744                strlen
 .text._sbrk    0x0000379c       0x44 d:/mcuxpressoide_11.6.0_8187/ide/plugins/com.nxp.mcuxpresso.tools.win32_11.6.0.202112161359/tools/bin/../lib/gcc/arm-none-eabi/10.3.1/../../../../arm-none-eabi/lib/thumb/v6-m/nofp\libcr_c.a(_cr_sbrk.o)
                0x0000379c                _sbrk
 .text._fdopen  0x000037e0       0x74 d:/mcuxpressoide_11.6.0_8187/ide/plugins/com.nxp.mcuxpresso.tools.win32_11.6.0.202112161359/tools/bin/../lib/gcc/arm-none-eabi/10.3.1/../../../../arm-none-eabi/lib/thumb/v6-m/nofp\libcr_c.a(_fdopen.o)
                0x000037e0                _fdopen
 .text.fclose   0x00003854       0x5c d:/mcuxpressoide_11.6.0_8187/ide/plugins/com.nxp.mcuxpresso.tools.win32_11.6.0.202112161359/tools/bin/../lib/gcc/arm-none-eabi/10.3.1/../../../../arm-none-eabi/lib/thumb/v6-m/nofp\libcr_c.a(fclose.o)
                0x00003854                fclose
 .text.fflush   0x000038b0       0x44 d:/mcuxpressoide_11.6.0_8187/ide/plugins/com.nxp.mcuxpresso.tools.win32_11.6.0.202112161359/tools/bin/../lib/gcc/arm-none-eabi/10.3.1/../../../../arm-none-eabi/lib/thumb/v6-m/nofp\libcr_c.a(fflush.o)
                0x000038b0                fflush
 .text.__check_heap_overflow
                0x000038f4       0x18 d:/mcuxpressoide_11.6.0_8187/ide/plugins/com.nxp.mcuxpresso.tools.win32_11.6.0.202112161359/tools/bin/../lib/gcc/arm-none-eabi/10.3.1/../../../../arm-none-eabi/lib/thumb/v6-m/nofp\libcr_c.a(_cr_check_heap.o)
                0x000038f4                __check_heap_overflow
 .text._do_fflush
                0x0000390c       0x48 d:/mcuxpressoide_11.6.0_8187/ide/plugins/com.nxp.mcuxpresso.tools.win32_11.6.0.202112161359/tools/bin/../lib/gcc/arm-none-eabi/10.3.1/../../../../arm-none-eabi/lib/thumb/v6-m/nofp\libcr_c.a(_do_fflush.o)
                0x0000390c                _do_fflush
 .text.UART_EnableTx
                0x00003954       0x40 ./utilities/fsl_debug_console.o
 .text.UART_EnableRx
                0x00003994       0x40 ./utilities/fsl_debug_console.o
 .text.LPSCI_EnableTx
                0x000039d4       0x40 ./utilities/fsl_debug_console.o
 .text.LPSCI_EnableRx
                0x00003a14       0x40 ./utilities/fsl_debug_console.o
 .text.OSC_SetExtRefClkConfig
                0x00003a54       0x3e ./drivers/fsl_clock.o
 .text.OSC_SetCapLoad
                0x00003a92       0x42 ./drivers/fsl_clock.o
 .text.CLOCK_GetPll0RefFreq
                0x00003ad4       0x10 ./drivers/fsl_clock.o
 .text.CLOCK_SetExternalRefClkConfig
                0x00003ae4       0x16 ./drivers/fsl_clock.o
                0x00003ae4                CLOCK_SetExternalRefClkConfig
 .text.LPSCI_GetStatusFlags
                0x00003afa       0x26 ./drivers/fsl_lpsci.o
                0x00003afa                LPSCI_GetStatusFlags
 .text.UART_GetStatusFlags
                0x00003b20       0x26 ./drivers/fsl_uart.o
                0x00003b20                UART_GetStatusFlags
 .text.UART_WriteBlocking
                0x00003b46       0x3c ./drivers/fsl_uart.o
                0x00003b46                UART_WriteBlocking
 .text.BOARD_InitBootClocks
                0x00003b82        0xe ./board/clock_config.o
                0x00003b82                BOARD_InitBootClocks
 .text.BOARD_InitBootPeripherals
                0x00003b90        0xa ./board/peripherals.o
                0x00003b90                BOARD_InitBootPeripherals
 .text.BOARD_InitBootPins
                0x00003b9a        0xe ./board/pin_mux.o
                0x00003b9a                BOARD_InitBootPins
 .text.fp_interpolate
                0x00003ba8       0x52 C:/Users/itssh/Documents/MCUXpressoIDE_11.6.0_8187/workspace/PBKDF2/Autotune/Debug/source/fp_trig.o
                0x00003ba8                fp_interpolate
 .text.__main   0x00003bfa        0xc d:/mcuxpressoide_11.6.0_8187/ide/plugins/com.nxp.mcuxpresso.tools.win32_11.6.0.202112161359/tools/bin/../lib/gcc/arm-none-eabi/10.3.1/../../../../arm-none-eabi/lib/thumb/v6-m/nofp\libcr_semihost_nf.a(_cr__main.o)
                0x00003bfa                __CR_SEMIHOST
                0x00003bfa                __main
 .text.memset   0x00003c06        0x8 d:/mcuxpressoide_11.6.0_8187/ide/plugins/com.nxp.mcuxpresso.tools.win32_11.6.0.202112161359/tools/bin/../lib/gcc/arm-none-eabi/10.3.1/../../../../arm-none-eabi/lib/thumb/v6-m/nofp\libcr_c.a(memset.o)
                0x00003c06                memset
 .text.free     0x00003c0e       0x2c d:/mcuxpressoide_11.6.0_8187/ide/plugins/com.nxp.mcuxpresso.tools.win32_11.6.0.202112161359/tools/bin/../lib/gcc/arm-none-eabi/10.3.1/../../../../arm-none-eabi/lib/thumb/v6-m/nofp\libcr_c.a(alloc.o)
                0x00003c0e                free
 .text.fputs    0x00003c3a       0x2e d:/mcuxpressoide_11.6.0_8187/ide/plugins/com.nxp.mcuxpresso.tools.win32_11.6.0.202112161359/tools/bin/../lib/gcc/arm-none-eabi/10.3.1/../../../../arm-none-eabi/lib/thumb/v6-m/nofp\libcr_c.a(fputs.o)
                0x00003c3a                fputs
 .text.no_fp_display
                0x00003c68        0x4 d:/mcuxpressoide_11.6.0_8187/ide/plugins/com.nxp.mcuxpresso.tools.win32_11.6.0.202112161359/tools/bin/../lib/gcc/arm-none-eabi/10.3.1/../../../../arm-none-eabi/lib/thumb/v6-m/nofp\libcr_c.a(printf.o)
 .text.remove   0x00003c6c       0x12 d:/mcuxpressoide_11.6.0_8187/ide/plugins/com.nxp.mcuxpresso.tools.win32_11.6.0.202112161359/tools/bin/../lib/gcc/arm-none-eabi/10.3.1/../../../../arm-none-eabi/lib/thumb/v6-m/nofp\libcr_c.a(remove.o)
                0x00003c6c                remove
 .text.__aeabi_division_idivmod
                0x00003c7e       0x78 d:/mcuxpressoide_11.6.0_8187/ide/plugins/com.nxp.mcuxpresso.tools.win32_11.6.0.202112161359/tools/bin/../lib/gcc/arm-none-eabi/10.3.1/thumb/v6-m/nofp\libcr_eabihelpers.a(division_32.o)
                0x00003c7e                __aeabi_idivmod
                0x00003c7e                __aeabi_idiv
                0x00003c84                __aeabi_uidivmod
                0x00003c84                __aeabi_uidiv
 .text.__aeabi_division_idiv0
                0x00003cf6        0x2 d:/mcuxpressoide_11.6.0_8187/ide/plugins/com.nxp.mcuxpresso.tools.win32_11.6.0.202112161359/tools/bin/../lib/gcc/arm-none-eabi/10.3.1/thumb/v6-m/nofp\libcr_eabihelpers.a(division_idiv0.o)
                0x00003cf6                __aeabi_idiv0
 .text.__aeabi_llong_lmul
                0x00003cf8       0x2e d:/mcuxpressoide_11.6.0_8187/ide/plugins/com.nxp.mcuxpresso.tools.win32_11.6.0.202112161359/tools/bin/../lib/gcc/arm-none-eabi/10.3.1/thumb/v6-m/nofp\libcr_eabihelpers.a(llong.o)
                0x00003cf8                __aeabi_lmul
 .text.__aeabi_memset_lowlevel
                0x00003d26       0x2a d:/mcuxpressoide_11.6.0_8187/ide/plugins/com.nxp.mcuxpresso.tools.win32_11.6.0.202112161359/tools/bin/../lib/gcc/arm-none-eabi/10.3.1/thumb/v6-m/nofp\libcr_eabihelpers.a(memcpy.o)
                0x00003d26                __aeabi_lowlevel_memset
 .text.__gnu_thumb1_case_shi
                0x00003d50       0x10 d:/mcuxpressoide_11.6.0_8187/ide/plugins/com.nxp.mcuxpresso.tools.win32_11.6.0.202112161359/tools/bin/../lib/gcc/arm-none-eabi/10.3.1/thumb/v6-m/nofp\libcr_eabihelpers.a(thumb1_switch_helpers.o)
                0x00003d50                __gnu_thumb1_case_shi
 .text.__sys_close
                0x00003d60        0xc d:/mcuxpressoide_11.6.0_8187/ide/plugins/com.nxp.mcuxpresso.tools.win32_11.6.0.202112161359/tools/bin/../lib/gcc/arm-none-eabi/10.3.1/../../../../arm-none-eabi/lib/thumb/v6-m/nofp\libcr_semihost_nf.a(__sys_close.o)
                0x00003d60                __sys_close
 .text.__sys_flen
                0x00003d6c        0xc d:/mcuxpressoide_11.6.0_8187/ide/plugins/com.nxp.mcuxpresso.tools.win32_11.6.0.202112161359/tools/bin/../lib/gcc/arm-none-eabi/10.3.1/../../../../arm-none-eabi/lib/thumb/v6-m/nofp\libcr_semihost_nf.a(__sys_flen.o)
                0x00003d6c                __sys_flen
 .text.__sys_istty
                0x00003d78        0xc d:/mcuxpressoide_11.6.0_8187/ide/plugins/com.nxp.mcuxpresso.tools.win32_11.6.0.202112161359/tools/bin/../lib/gcc/arm-none-eabi/10.3.1/../../../../arm-none-eabi/lib/thumb/v6-m/nofp\libcr_semihost_nf.a(__sys_istty.o)
                0x00003d78                __sys_istty
 .text.__sys_remove
                0x00003d84        0xc d:/mcuxpressoide_11.6.0_8187/ide/plugins/com.nxp.mcuxpresso.tools.win32_11.6.0.202112161359/tools/bin/../lib/gcc/arm-none-eabi/10.3.1/../../../../arm-none-eabi/lib/thumb/v6-m/nofp\libcr_semihost_nf.a(__sys_remove.o)
                0x00003d84                __sys_remove
 .text.__sys_seek
                0x00003d90        0xc d:/mcuxpressoide_11.6.0_8187/ide/plugins/com.nxp.mcuxpresso.tools.win32_11.6.0.202112161359/tools/bin/../lib/gcc/arm-none-eabi/10.3.1/../../../../arm-none-eabi/lib/thumb/v6-m/nofp\libcr_semihost_nf.a(__sys_seek.o)
                0x00003d90                __sys_seek
 .text.__sys_tmpnam
                0x00003d9c        0xc d:/mcuxpressoide_11.6.0_8187/ide/plugins/com.nxp.mcuxpresso.tools.win32_11.6.0.202112161359/tools/bin/../lib/gcc/arm-none-eabi/10.3.1/../../../../arm-none-eabi/lib/thumb/v6-m/nofp\libcr_semihost_nf.a(__sys_tmpnam.o)
                0x00003d9c                __sys_tmpnam
 .text.__sys_write
                0x00003da8        0xc d:/mcuxpressoide_11.6.0_8187/ide/plugins/com.nxp.mcuxpresso.tools.win32_11.6.0.202112161359/tools/bin/../lib/gcc/arm-none-eabi/10.3.1/../../../../arm-none-eabi/lib/thumb/v6-m/nofp\libcr_semihost_nf.a(__sys_write.o)
                0x00003da8                __sys_write
 *(SORT_BY_ALIGNMENT(.rodata) SORT_BY_ALIGNMENT(.rodata.*) SORT_BY_ALIGNMENT(.constdata) SORT_BY_ALIGNMENT(.constdata.*))
 .rodata.ADC_analyse.str1.4
                0x00003db4       0x40 ./source/ADC.o
 .rodata.main.str1.4
                0x00003df4       0x6c ./source/Autotune.o
 .rodata.CLOCK_GetMcgExtClkFreq.str1.4
                0x00003e60       0x1e ./drivers/fsl_clock.o
 *fill*         0x00003e7e        0x2 ff
 .rodata.CLOCK_GetPll0Freq.str1.4
                0x00003e80       0x1d ./drivers/fsl_clock.o
 *fill*         0x00003e9d        0x3 ff
 .rodata.CLOCK_EnablePll0.str1.4
                0x00003ea0       0x19 ./drivers/fsl_clock.o
 *fill*         0x00003eb9        0x3 ff
 .rodata.CLOCK_SetPbeMode.str1.4
                0x00003ebc       0x1a ./drivers/fsl_clock.o
 *fill*         0x00003ed6        0x2 ff
 .rodata.CLOCK_BootToPeeMode.str1.4
                0x00003ed8       0x1a ./drivers/fsl_clock.o
 *fill*         0x00003ef2        0x2 ff
 .rodata.fllFactorTable.1
                0x00003ef4       0x10 ./drivers/fsl_clock.o
 .rodata.LPSCI_GetInstance.str1.4
                0x00003f04       0x36 ./drivers/fsl_lpsci.o
 *fill*         0x00003f3a        0x2 ff
 .rodata.LPSCI_Init.str1.4
                0x00003f3c       0x43 ./drivers/fsl_lpsci.o
 *fill*         0x00003f7f        0x1 ff
 .rodata.LPSCI_GetDefaultConfig.str1.4
                0x00003f80       0x19 ./drivers/fsl_lpsci.o
 *fill*         0x00003f99        0x3 ff
 .rodata.LPSCI_WriteBlocking.str1.4
                0x00003f9c       0x17 ./drivers/fsl_lpsci.o
 *fill*         0x00003fb3        0x1 ff
 .rodata.LPSCI_ReadBlocking.str1.4
                0x00003fb4       0x17 ./drivers/fsl_lpsci.o
 *fill*         0x00003fcb        0x1 ff
 .rodata.s_uartBases
                0x00003fcc        0xc ./drivers/fsl_uart.o
 .rodata.s_uartClock
                0x00003fd8        0xc ./drivers/fsl_uart.o
 .rodata.UART_GetInstance.str1.4
                0x00003fe4       0x2b ./drivers/fsl_uart.o
 *fill*         0x0000400f        0x1 ff
 .rodata.UART_Init.str1.4
                0x00004010       0x3e ./drivers/fsl_uart.o
 *fill*         0x0000404e        0x2 ff
 .rodata.UART_GetDefaultConfig.str1.4
                0x00004050       0x18 ./drivers/fsl_uart.o
 .rodata.UART_ReadBlocking.str1.4
                0x00004068       0x16 ./drivers/fsl_uart.o
 *fill*         0x0000407e        0x2 ff
 .rodata.mcgConfig_BOARD_BootClockRUN
                0x00004080        0xa ./board/clock_config.o
                0x00004080                mcgConfig_BOARD_BootClockRUN
 *fill*         0x0000408a        0x2 ff
 .rodata.simConfig_BOARD_BootClockRUN
                0x0000408c        0x8 ./board/clock_config.o
                0x0000408c                simConfig_BOARD_BootClockRUN
 .rodata.oscConfig_BOARD_BootClockRUN
                0x00004094        0x8 ./board/clock_config.o
                0x00004094                oscConfig_BOARD_BootClockRUN
 .rodata.sin_lookup
                0x0000409c       0x42 C:/Users/itssh/Documents/MCUXpressoIDE_11.6.0_8187/workspace/PBKDF2/Autotune/Debug/source/fp_trig.o
 *fill*         0x000040de        0x2 ff
 .rodata.fp_sin.str1.4
                0x000040e0       0x4a C:/Users/itssh/Documents/MCUXpressoIDE_11.6.0_8187/workspace/PBKDF2/Autotune/Debug/source/fp_trig.o
 *fill*         0x0000412a        0x2 ff
 .rodata.__num_Ciob_streams
                0x0000412c        0x4 d:/mcuxpressoide_11.6.0_8187/ide/plugins/com.nxp.mcuxpresso.tools.win32_11.6.0.202112161359/tools/bin/../lib/gcc/arm-none-eabi/10.3.1/../../../../arm-none-eabi/lib/thumb/v6-m/nofp\libcr_semihost_nf.a(__ciob.o)
                0x0000412c                __num_Ciob_streams
 .rodata.__assertion_failed.str1.1
                0x00004130       0x15 d:/mcuxpressoide_11.6.0_8187/ide/plugins/com.nxp.mcuxpresso.tools.win32_11.6.0.202112161359/tools/bin/../lib/gcc/arm-none-eabi/10.3.1/../../../../arm-none-eabi/lib/thumb/v6-m/nofp\libcr_semihost_nf.a(_cr_assert.o)
 .rodata._Csys_alloc.str1.1
                0x00004145       0x18 d:/mcuxpressoide_11.6.0_8187/ide/plugins/com.nxp.mcuxpresso.tools.win32_11.6.0.202112161359/tools/bin/../lib/gcc/arm-none-eabi/10.3.1/../../../../arm-none-eabi/lib/thumb/v6-m/nofp\libcr_c.a(alloc.o)
 .rodata._initio.str1.1
                0x0000415d        0x4 d:/mcuxpressoide_11.6.0_8187/ide/plugins/com.nxp.mcuxpresso.tools.win32_11.6.0.202112161359/tools/bin/../lib/gcc/arm-none-eabi/10.3.1/../../../../arm-none-eabi/lib/thumb/v6-m/nofp\libcr_c.a(initio.o)
 .rodata.__vfprintf.str1.1
                0x00004161       0x35 d:/mcuxpressoide_11.6.0_8187/ide/plugins/com.nxp.mcuxpresso.tools.win32_11.6.0.202112161359/tools/bin/../lib/gcc/arm-none-eabi/10.3.1/../../../../arm-none-eabi/lib/thumb/v6-m/nofp\libcr_c.a(printf.o)
                                 0x38 (size before relaxing)
                0x00004198                . = ALIGN (0x4)
 *fill*         0x00004196        0x2 ff
                0x00004198                _etext = .

.glue_7         0x00004198        0x0
 .glue_7        0x00004198        0x0 linker stubs

.glue_7t        0x00004198        0x0
 .glue_7t       0x00004198        0x0 linker stubs

.vfp11_veneer   0x00004198        0x0
 .vfp11_veneer  0x00004198        0x0 linker stubs

.v4_bx          0x00004198        0x0
 .v4_bx         0x00004198        0x0 linker stubs

.iplt           0x00004198        0x0
 .iplt          0x00004198        0x0 ./utilities/fsl_debug_console.o

.rel.dyn        0x00004198        0x0
 .rel.iplt      0x00004198        0x0 ./utilities/fsl_debug_console.o

.m_usb_data
 *(SORT_BY_ALIGNMENT(m_usb_bdt))

.mtb_buffer_default
                0x1ffff000       0x80
 *(SORT_BY_ALIGNMENT(.mtb*))
 .mtb.$RAM1     0x1ffff000       0x80 ./source/mtb.o
                0x1ffff000                __mtb_buffer__

.uninit_RESERVED
                0x1ffff080        0x0
                0x1ffff080                _start_uninit_RESERVED = .
 *(SORT_BY_ALIGNMENT(.bss.$RESERVED*))
                0x1ffff080                . = ALIGN (0x4)
                0x1ffff080                _end_uninit_RESERVED = .

.data           0x1ffff080        0x8 load address 0x00004198
 FILL mask 0xff
                0x1ffff080                _data = .
                [!provide]                PROVIDE (__start_data_RAM = .)
                [!provide]                PROVIDE (__start_data_SRAM = .)
 *(SORT_BY_ALIGNMENT(vtable))
 *(SORT_BY_ALIGNMENT(.ramfunc*))
 *(SORT_BY_ALIGNMENT(CodeQuickAccess))
 *(SORT_BY_ALIGNMENT(DataQuickAccess))
 *(SORT_BY_ALIGNMENT(RamFunction))
 *(SORT_BY_ALIGNMENT(.data*))
 .data.s_slowIrcFreq
                0x1ffff080        0x4 ./drivers/fsl_clock.o
 .data.SystemCoreClock
                0x1ffff084        0x4 ./CMSIS/system_MKL25Z4.o
                0x1ffff084                SystemCoreClock
                0x1ffff088                . = ALIGN (0x4)
                0x1ffff088                _edata = .
                [!provide]                PROVIDE (__end_data_RAM = .)
                [!provide]                PROVIDE (__end_data_SRAM = .)

.igot.plt       0x1ffff088        0x0 load address 0x000041a0
 .igot.plt      0x1ffff088        0x0 ./utilities/fsl_debug_console.o

.bss            0x1ffff088     0x27bc
                0x1ffff088                _bss = .
                [!provide]                PROVIDE (__start_bss_RAM = .)
                [!provide]                PROVIDE (__start_bss_SRAM = .)
 *(SORT_BY_ALIGNMENT(.bss*))
 .bss.s_debugConsole
                0x1ffff088       0x10 ./utilities/fsl_debug_console.o
 .bss.adc_buffer
                0x1ffff098      0x800 ./source/ADC.o
                0x1ffff098                adc_buffer
 .bss.A4_Buffer
                0x1ffff898      0x7aa ./source/Autotune.o
                0x1ffff898                A4_Buffer
 *fill*         0x20000042        0x2 
 .bss.D5_Buffer
                0x20000044      0x798 ./source/Autotune.o
                0x20000044                D5_Buffer
 .bss.E5_Buffer
                0x200007dc      0x7e0 ./source/Autotune.o
                0x200007dc                E5_Buffer
 .bss.A5_Buffer
                0x20000fbc      0x798 ./source/Autotune.o
                0x20000fbc                A5_Buffer
 .bss.store_source
                0x20001754        0x4 ./source/DMA.o
                0x20001754                store_source
 .bss.DMA_byte_count
                0x20001758        0x4 ./source/DMA.o
                0x20001758                DMA_byte_count
 .bss.tick      0x2000175c        0x4 ./source/systick.o
                0x2000175c                tick
 .bss.g_xtal0Freq
                0x20001760        0x4 ./drivers/fsl_clock.o
                0x20001760                g_xtal0Freq
 .bss.s_lpsciHandle
                0x20001764        0x4 ./drivers/fsl_lpsci.o
 .bss.s_lpsciIsr
                0x20001768        0x4 ./drivers/fsl_lpsci.o
 .bss.s_uartHandle
                0x2000176c        0xc ./drivers/fsl_uart.o
 .bss.s_uartIsr
                0x20001778        0x4 ./drivers/fsl_uart.o
 .bss.__Ciob    0x2000177c       0xb4 d:/mcuxpressoide_11.6.0_8187/ide/plugins/com.nxp.mcuxpresso.tools.win32_11.6.0.202112161359/tools/bin/../lib/gcc/arm-none-eabi/10.3.1/../../../../arm-none-eabi/lib/thumb/v6-m/nofp\libcr_semihost_nf.a(__ciob.o)
                0x2000177c                __Ciob
 .bss.__end_of_heap
                0x20001830        0x4 d:/mcuxpressoide_11.6.0_8187/ide/plugins/com.nxp.mcuxpresso.tools.win32_11.6.0.202112161359/tools/bin/../lib/gcc/arm-none-eabi/10.3.1/../../../../arm-none-eabi/lib/thumb/v6-m/nofp\libcr_c.a(__init_alloc.o)
                0x20001830                __end_of_heap
 .bss.__heaps   0x20001834        0x4 d:/mcuxpressoide_11.6.0_8187/ide/plugins/com.nxp.mcuxpresso.tools.win32_11.6.0.202112161359/tools/bin/../lib/gcc/arm-none-eabi/10.3.1/../../../../arm-none-eabi/lib/thumb/v6-m/nofp\libcr_c.a(__init_alloc.o)
                0x20001834                __heaps
 .bss.errno     0x20001838        0x4 d:/mcuxpressoide_11.6.0_8187/ide/plugins/com.nxp.mcuxpresso.tools.win32_11.6.0.202112161359/tools/bin/../lib/gcc/arm-none-eabi/10.3.1/../../../../arm-none-eabi/lib/thumb/v6-m/nofp\libcr_c.a(errno.o)
                0x20001838                errno
 .bss.samples_per_period
                0x2000183c        0x2 ./source/sin.o
                0x2000183c                samples_per_period
 .bss.samples_frequency
                0x2000183e        0x2 ./source/sin.o
                0x2000183e                samples_frequency
 .bss.samples_generated
                0x20001840        0x2 ./source/sin.o
                0x20001840                samples_generated
 *(SORT_BY_ALIGNMENT(COMMON))
                0x20001844                . = ALIGN (0x4)
 *fill*         0x20001842        0x2 
                0x20001844                _ebss = .
                [!provide]                PROVIDE (__end_bss_RAM = .)
                [!provide]                PROVIDE (__end_bss_SRAM = .)
                [!provide]                PROVIDE (end = .)

.noinit         0x20001844        0x0
                0x20001844                _noinit = .
                [!provide]                PROVIDE (__start_noinit_RAM = .)
                [!provide]                PROVIDE (__start_noinit_SRAM = .)
 *(SORT_BY_ALIGNMENT(.noinit*))
                0x20001844                . = ALIGN (0x4)
                0x20001844                _end_noinit = .
                [!provide]                PROVIDE (__end_noinit_RAM = .)
                [!provide]                PROVIDE (__end_noinit_SRAM = .)

.ARM.extab
 *(SORT_BY_ALIGNMENT(.ARM.extab*) SORT_BY_ALIGNMENT(.gnu.linkonce.armextab.*))

.ARM.exidx      0x000041a0        0x0
                0x000041a0                __exidx_start = .
 *(SORT_BY_ALIGNMENT(.ARM.exidx*) SORT_BY_ALIGNMENT(.gnu.linkonce.armexidx.*))
                0x000041a0                __exidx_end = .
                0x00000400                _HeapSize = 0x400

.heap           0x20001844      0x400
                0x20001844                _pvHeapStart = .
                0x20001c44                . = (. + _HeapSize)
 *fill*         0x20001844      0x400 
                0x20001c44                . = ALIGN (0x4)
                0x20001c44                _pvHeapLimit = .
                0x00000400                _StackSize = 0x400

.heap2stackfill
                0x20001c44      0x400
                0x20002044                . = (. + _StackSize)
 *fill*         0x20001c44      0x400 

.stack          0x20002c00        0x0
                0x20002c00                _vStackBase = .
                0x20002c00                . = ALIGN (0x4)
                0x20003000                _vStackTop = (. + _StackSize)
                0x00000000                _image_start = LOADADDR (.text)
                0x000041a0                _image_end = (LOADADDR (.data) + SIZEOF (.data))
                0x000041a0                _image_size = (_image_end - _image_start)
OUTPUT(Autotune.axf elf32-littlearm)
LOAD linker stubs

.debug_info     0x00000000     0x8d40
 .debug_info    0x00000000      0x84f ./utilities/fsl_debug_console.o
 .debug_info    0x0000084f      0x4eb ./startup/startup_mkl25z4.o
 .debug_info    0x00000d3a      0x58f ./source/ADC.o
 .debug_info    0x000012c9      0x546 ./source/Autotune.o
 .debug_info    0x0000180f      0x3d7 ./source/DAC.o
 .debug_info    0x00001be6      0x833 ./source/DMA.o
 .debug_info    0x00002419      0x3a9 ./source/TPM.o
 .debug_info    0x000027c2      0x1aa ./source/autocorrelate.o
 .debug_info    0x0000296c       0x53 ./source/mtb.o
 .debug_info    0x000029bf       0x3c ./source/semihost_hardfault.o
 .debug_info    0x000029fb      0x216 ./source/sin.o
 .debug_info    0x00002c11      0x43c ./source/systick.o
 .debug_info    0x0000304d     0x1a5a ./drivers/fsl_clock.o
 .debug_info    0x00004aa7     0x140d ./drivers/fsl_lpsci.o
 .debug_info    0x00005eb4     0x13ae ./drivers/fsl_uart.o
 .debug_info    0x00007262      0x39b ./board/board.o
 .debug_info    0x000075fd      0xabc ./board/clock_config.o
 .debug_info    0x000080b9       0x3c ./board/peripherals.o
 .debug_info    0x000080f5      0x547 ./board/pin_mux.o
 .debug_info    0x0000863c      0x401 ./CMSIS/system_MKL25Z4.o
 .debug_info    0x00008a3d      0x303 C:/Users/itssh/Documents/MCUXpressoIDE_11.6.0_8187/workspace/PBKDF2/Autotune/Debug/source/fp_trig.o

.debug_abbrev   0x00000000     0x1d54
 .debug_abbrev  0x00000000      0x1d7 ./utilities/fsl_debug_console.o
 .debug_abbrev  0x000001d7      0x198 ./startup/startup_mkl25z4.o
 .debug_abbrev  0x0000036f      0x160 ./source/ADC.o
 .debug_abbrev  0x000004cf      0x172 ./source/Autotune.o
 .debug_abbrev  0x00000641       0xdd ./source/DAC.o
 .debug_abbrev  0x0000071e      0x1e2 ./source/DMA.o
 .debug_abbrev  0x00000900       0xdd ./source/TPM.o
 .debug_abbrev  0x000009dd       0xb9 ./source/autocorrelate.o
 .debug_abbrev  0x00000a96       0x46 ./source/mtb.o
 .debug_abbrev  0x00000adc       0x31 ./source/semihost_hardfault.o
 .debug_abbrev  0x00000b0d       0xef ./source/sin.o
 .debug_abbrev  0x00000bfc      0x162 ./source/systick.o
 .debug_abbrev  0x00000d5e      0x357 ./drivers/fsl_clock.o
 .debug_abbrev  0x000010b5      0x2d7 ./drivers/fsl_lpsci.o
 .debug_abbrev  0x0000138c      0x2f1 ./drivers/fsl_uart.o
 .debug_abbrev  0x0000167d      0x11b ./board/board.o
 .debug_abbrev  0x00001798      0x201 ./board/clock_config.o
 .debug_abbrev  0x00001999       0x31 ./board/peripherals.o
 .debug_abbrev  0x000019ca      0x189 ./board/pin_mux.o
 .debug_abbrev  0x00001b53      0x12e ./CMSIS/system_MKL25Z4.o
 .debug_abbrev  0x00001c81       0xd3 C:/Users/itssh/Documents/MCUXpressoIDE_11.6.0_8187/workspace/PBKDF2/Autotune/Debug/source/fp_trig.o

.debug_aranges  0x00000000      0x8c8
 .debug_aranges
                0x00000000       0x48 ./utilities/fsl_debug_console.o
 .debug_aranges
                0x00000048      0x160 ./startup/startup_mkl25z4.o
 .debug_aranges
                0x000001a8       0x30 ./source/ADC.o
 .debug_aranges
                0x000001d8       0x20 ./source/Autotune.o
 .debug_aranges
                0x000001f8       0x20 ./source/DAC.o
 .debug_aranges
                0x00000218       0x48 ./source/DMA.o
 .debug_aranges
                0x00000260       0x30 ./source/TPM.o
 .debug_aranges
                0x00000290       0x20 ./source/autocorrelate.o
 .debug_aranges
                0x000002b0       0x18 ./source/mtb.o
 .debug_aranges
                0x000002c8       0x20 ./source/semihost_hardfault.o
 .debug_aranges
                0x000002e8       0x38 ./source/sin.o
 .debug_aranges
                0x00000320       0x38 ./source/systick.o
 .debug_aranges
                0x00000358      0x1d8 ./drivers/fsl_clock.o
 .debug_aranges
                0x00000530      0x118 ./drivers/fsl_lpsci.o
 .debug_aranges
                0x00000648      0x130 ./drivers/fsl_uart.o
 .debug_aranges
                0x00000778       0x28 ./board/board.o
 .debug_aranges
                0x000007a0       0x58 ./board/clock_config.o
 .debug_aranges
                0x000007f8       0x20 ./board/peripherals.o
 .debug_aranges
                0x00000818       0x38 ./board/pin_mux.o
 .debug_aranges
                0x00000850       0x28 ./CMSIS/system_MKL25Z4.o
 .debug_aranges
                0x00000878       0x50 C:/Users/itssh/Documents/MCUXpressoIDE_11.6.0_8187/workspace/PBKDF2/Autotune/Debug/source/fp_trig.o

.debug_ranges   0x00000000      0x770
 .debug_ranges  0x00000000       0x38 ./utilities/fsl_debug_console.o
 .debug_ranges  0x00000038      0x150 ./startup/startup_mkl25z4.o
 .debug_ranges  0x00000188       0x20 ./source/ADC.o
 .debug_ranges  0x000001a8       0x10 ./source/Autotune.o
 .debug_ranges  0x000001b8       0x10 ./source/DAC.o
 .debug_ranges  0x000001c8       0x38 ./source/DMA.o
 .debug_ranges  0x00000200       0x20 ./source/TPM.o
 .debug_ranges  0x00000220       0x10 ./source/autocorrelate.o
 .debug_ranges  0x00000230       0x10 ./source/semihost_hardfault.o
 .debug_ranges  0x00000240       0x28 ./source/sin.o
 .debug_ranges  0x00000268       0x28 ./source/systick.o
 .debug_ranges  0x00000290      0x1c8 ./drivers/fsl_clock.o
 .debug_ranges  0x00000458      0x108 ./drivers/fsl_lpsci.o
 .debug_ranges  0x00000560      0x120 ./drivers/fsl_uart.o
 .debug_ranges  0x00000680       0x18 ./board/board.o
 .debug_ranges  0x00000698       0x48 ./board/clock_config.o
 .debug_ranges  0x000006e0       0x10 ./board/peripherals.o
 .debug_ranges  0x000006f0       0x28 ./board/pin_mux.o
 .debug_ranges  0x00000718       0x18 ./CMSIS/system_MKL25Z4.o
 .debug_ranges  0x00000730       0x40 C:/Users/itssh/Documents/MCUXpressoIDE_11.6.0_8187/workspace/PBKDF2/Autotune/Debug/source/fp_trig.o

.debug_macro    0x00000000     0x9d00
 .debug_macro   0x00000000      0x13a ./utilities/fsl_debug_console.o
 .debug_macro   0x0000013a      0xa84 ./utilities/fsl_debug_console.o
 .debug_macro   0x00000bbe       0x10 ./utilities/fsl_debug_console.o
 .debug_macro   0x00000bce       0x16 ./utilities/fsl_debug_console.o
 .debug_macro   0x00000be4       0x10 ./utilities/fsl_debug_console.o
 .debug_macro   0x00000bf4      0x12e ./utilities/fsl_debug_console.o
 .debug_macro   0x00000d22       0x28 ./utilities/fsl_debug_console.o
 .debug_macro   0x00000d4a       0xc4 ./utilities/fsl_debug_console.o
 .debug_macro   0x00000e0e       0x16 ./utilities/fsl_debug_console.o
 .debug_macro   0x00000e24       0x22 ./utilities/fsl_debug_console.o
 .debug_macro   0x00000e46      0x5b3 ./utilities/fsl_debug_console.o
 .debug_macro   0x000013f9       0x10 ./utilities/fsl_debug_console.o
 .debug_macro   0x00001409       0x3f ./utilities/fsl_debug_console.o
 .debug_macro   0x00001448       0x3a ./utilities/fsl_debug_console.o
 .debug_macro   0x00001482       0x26 ./utilities/fsl_debug_console.o
 .debug_macro   0x000014a8      0x329 ./utilities/fsl_debug_console.o
 .debug_macro   0x000017d1       0x30 ./utilities/fsl_debug_console.o
 .debug_macro   0x00001801     0x51e2 ./utilities/fsl_debug_console.o
 .debug_macro   0x000069e3     0x1352 ./utilities/fsl_debug_console.o
 .debug_macro   0x00007d35       0x3a ./utilities/fsl_debug_console.o
 .debug_macro   0x00007d6f       0xf4 ./utilities/fsl_debug_console.o
 .debug_macro   0x00007e63       0x35 ./utilities/fsl_debug_console.o
 .debug_macro   0x00007e98       0xd2 ./utilities/fsl_debug_console.o
 .debug_macro   0x00007f6a       0x2e ./utilities/fsl_debug_console.o
 .debug_macro   0x00007f98       0x10 ./utilities/fsl_debug_console.o
 .debug_macro   0x00007fa8       0x10 ./utilities/fsl_debug_console.o
 .debug_macro   0x00007fb8       0x29 ./startup/startup_mkl25z4.o
 .debug_macro   0x00007fe1       0xb9 ./source/ADC.o
 .debug_macro   0x0000809a       0xd8 ./source/ADC.o
 .debug_macro   0x00008172       0x34 ./source/ADC.o
 .debug_macro   0x000081a6       0x4c ./source/ADC.o
 .debug_macro   0x000081f2       0x16 ./source/ADC.o
 .debug_macro   0x00008208      0x19a ./source/Autotune.o
 .debug_macro   0x000083a2       0x16 ./source/Autotune.o
 .debug_macro   0x000083b8       0x10 ./source/Autotune.o
 .debug_macro   0x000083c8      0x112 ./source/Autotune.o
 .debug_macro   0x000084da       0x34 ./source/Autotune.o
 .debug_macro   0x0000850e       0x16 ./source/Autotune.o
 .debug_macro   0x00008524       0x10 ./source/Autotune.o
 .debug_macro   0x00008534       0x22 ./source/Autotune.o
 .debug_macro   0x00008556       0x22 ./source/Autotune.o
 .debug_macro   0x00008578       0x98 ./source/DAC.o
 .debug_macro   0x00008610       0xa9 ./source/DMA.o
 .debug_macro   0x000086b9       0xb8 ./source/TPM.o
 .debug_macro   0x00008771       0x58 ./source/autocorrelate.o
 .debug_macro   0x000087c9       0x2f ./source/mtb.o
 .debug_macro   0x000087f8       0x82 ./source/mtb.o
 .debug_macro   0x0000887a       0x10 ./source/mtb.o
 .debug_macro   0x0000888a       0x11 ./source/semihost_hardfault.o
 .debug_macro   0x0000889b       0xb6 ./source/sin.o
 .debug_macro   0x00008951       0x46 ./source/sin.o
 .debug_macro   0x00008997       0xb2 ./source/systick.o
 .debug_macro   0x00008a49      0x196 ./drivers/fsl_clock.o
 .debug_macro   0x00008bdf       0x1c ./drivers/fsl_clock.o
 .debug_macro   0x00008bfb       0xec ./drivers/fsl_lpsci.o
 .debug_macro   0x00008ce7       0xf2 ./drivers/fsl_uart.o
 .debug_macro   0x00008dd9      0x12b ./board/board.o
 .debug_macro   0x00008f04      0x123 ./board/clock_config.o
 .debug_macro   0x00009027       0x1b ./board/peripherals.o
 .debug_macro   0x00009042      0x107 ./board/pin_mux.o
 .debug_macro   0x00009149       0x10 ./board/pin_mux.o
 .debug_macro   0x00009159       0x94 ./CMSIS/system_MKL25Z4.o
 .debug_macro   0x000091ed       0x67 C:/Users/itssh/Documents/MCUXpressoIDE_11.6.0_8187/workspace/PBKDF2/Autotune/Debug/source/fp_trig.o
 .debug_macro   0x00009254      0xa8a C:/Users/itssh/Documents/MCUXpressoIDE_11.6.0_8187/workspace/PBKDF2/Autotune/Debug/source/fp_trig.o
 .debug_macro   0x00009cde       0x22 C:/Users/itssh/Documents/MCUXpressoIDE_11.6.0_8187/workspace/PBKDF2/Autotune/Debug/source/fp_trig.o

.debug_line     0x00000000     0x6023
 .debug_line    0x00000000      0x496 ./utilities/fsl_debug_console.o
 .debug_line    0x00000496      0x1ed ./startup/startup_mkl25z4.o
 .debug_line    0x00000683      0x2c4 ./source/ADC.o
 .debug_line    0x00000947      0x4d6 ./source/Autotune.o
 .debug_line    0x00000e1d      0x243 ./source/DAC.o
 .debug_line    0x00001060      0x370 ./source/DMA.o
 .debug_line    0x000013d0      0x2a4 ./source/TPM.o
 .debug_line    0x00001674      0x2a9 ./source/autocorrelate.o
 .debug_line    0x0000191d       0xcd ./source/mtb.o
 .debug_line    0x000019ea       0x59 ./source/semihost_hardfault.o
 .debug_line    0x00001a43      0x2c4 ./source/sin.o
 .debug_line    0x00001d07      0x31e ./source/systick.o
 .debug_line    0x00002025     0x12fb ./drivers/fsl_clock.o
 .debug_line    0x00003320      0xd74 ./drivers/fsl_lpsci.o
 .debug_line    0x00004094      0xd63 ./drivers/fsl_uart.o
 .debug_line    0x00004df7      0x3c4 ./board/board.o
 .debug_line    0x000051bb      0x3ff ./board/clock_config.o
 .debug_line    0x000055ba       0x5c ./board/peripherals.o
 .debug_line    0x00005616      0x386 ./board/pin_mux.o
 .debug_line    0x0000599c      0x32b ./CMSIS/system_MKL25Z4.o
 .debug_line    0x00005cc7      0x35c C:/Users/itssh/Documents/MCUXpressoIDE_11.6.0_8187/workspace/PBKDF2/Autotune/Debug/source/fp_trig.o

.debug_str      0x00000000    0x36023
 .debug_str     0x00000000    0x313f2 ./utilities/fsl_debug_console.o
                              0x31635 (size before relaxing)
 .debug_str     0x000313f2      0x3cd ./startup/startup_mkl25z4.o
                               0x30dc (size before relaxing)
 .debug_str     0x000317bf      0x2a3 ./source/ADC.o
                              0x2919f (size before relaxing)
 .debug_str     0x00031a62      0xb28 ./source/Autotune.o
                              0x3189b (size before relaxing)
 .debug_str     0x0003258a       0x38 ./source/DAC.o
                              0x28d40 (size before relaxing)
 .debug_str     0x000325c2      0x2cf ./source/DMA.o
                              0x2930f (size before relaxing)
 .debug_str     0x00032891       0x51 ./source/TPM.o
                              0x29055 (size before relaxing)
 .debug_str     0x000328e2       0x80 ./source/autocorrelate.o
                               0x4560 (size before relaxing)
 .debug_str     0x00032962      0x532 ./source/mtb.o
                               0x31fc (size before relaxing)
 .debug_str     0x00032e94       0x1f ./source/semihost_hardfault.o
                               0x2ce9 (size before relaxing)
 .debug_str     0x00032eb3       0xb6 ./source/sin.o
                               0x4e34 (size before relaxing)
 .debug_str     0x00032f69       0x3e ./source/systick.o
                              0x2927c (size before relaxing)
 .debug_str     0x00032fa7     0x1788 ./drivers/fsl_clock.o
                              0x321b1 (size before relaxing)
 .debug_str     0x0003472f      0x970 ./drivers/fsl_lpsci.o
                              0x317a0 (size before relaxing)
 .debug_str     0x0003509f      0x832 ./drivers/fsl_uart.o
                              0x317c3 (size before relaxing)
 .debug_str     0x000358d1       0x4c ./board/board.o
                              0x31213 (size before relaxing)
 .debug_str     0x0003591d      0x3c1 ./board/clock_config.o
                              0x310e2 (size before relaxing)
 .debug_str     0x00035cde       0x31 ./board/peripherals.o
                               0x2cfa (size before relaxing)
 .debug_str     0x00035d0f      0x1e1 ./board/pin_mux.o
                              0x30829 (size before relaxing)
 .debug_str     0x00035ef0       0x4f ./CMSIS/system_MKL25Z4.o
                              0x2fb2b (size before relaxing)
 .debug_str     0x00035f3f       0xe4 C:/Users/itssh/Documents/MCUXpressoIDE_11.6.0_8187/workspace/PBKDF2/Autotune/Debug/source/fp_trig.o
                               0x4820 (size before relaxing)

.comment        0x00000000       0x49
 .comment       0x00000000       0x49 ./utilities/fsl_debug_console.o
                                 0x4a (size before relaxing)
 .comment       0x00000049       0x4a ./startup/startup_mkl25z4.o
 .comment       0x00000049       0x4a ./source/ADC.o
 .comment       0x00000049       0x4a ./source/Autotune.o
 .comment       0x00000049       0x4a ./source/DAC.o
 .comment       0x00000049       0x4a ./source/DMA.o
 .comment       0x00000049       0x4a ./source/TPM.o
 .comment       0x00000049       0x4a ./source/autocorrelate.o
 .comment       0x00000049       0x4a ./source/mtb.o
 .comment       0x00000049       0x4a ./source/semihost_hardfault.o
 .comment       0x00000049       0x4a ./source/sin.o
 .comment       0x00000049       0x4a ./source/systick.o
 .comment       0x00000049       0x4a ./drivers/fsl_clock.o
 .comment       0x00000049       0x4a ./drivers/fsl_lpsci.o
 .comment       0x00000049       0x4a ./drivers/fsl_uart.o
 .comment       0x00000049       0x4a ./board/board.o
 .comment       0x00000049       0x4a ./board/clock_config.o
 .comment       0x00000049       0x4a ./board/peripherals.o
 .comment       0x00000049       0x4a ./board/pin_mux.o
 .comment       0x00000049       0x4a ./CMSIS/system_MKL25Z4.o
 .comment       0x00000049       0x4a C:/Users/itssh/Documents/MCUXpressoIDE_11.6.0_8187/workspace/PBKDF2/Autotune/Debug/source/fp_trig.o
 .comment       0x00000049       0x4a d:/mcuxpressoide_11.6.0_8187/ide/plugins/com.nxp.mcuxpresso.tools.win32_11.6.0.202112161359/tools/bin/../lib/gcc/arm-none-eabi/10.3.1/../../../../arm-none-eabi/lib/thumb/v6-m/nofp\libcr_semihost_nf.a(_cr__main.o)
 .comment       0x00000049       0x4a d:/mcuxpressoide_11.6.0_8187/ide/plugins/com.nxp.mcuxpresso.tools.win32_11.6.0.202112161359/tools/bin/../lib/gcc/arm-none-eabi/10.3.1/../../../../arm-none-eabi/lib/thumb/v6-m/nofp\libcr_semihost_nf.a(_cr_assert.o)
 .comment       0x00000049       0x4a d:/mcuxpressoide_11.6.0_8187/ide/plugins/com.nxp.mcuxpresso.tools.win32_11.6.0.202112161359/tools/bin/../lib/gcc/arm-none-eabi/10.3.1/../../../../arm-none-eabi/lib/thumb/v6-m/nofp\libcr_semihost_nf.a(__ciob.o)
 .comment       0x00000049       0x4a d:/mcuxpressoide_11.6.0_8187/ide/plugins/com.nxp.mcuxpresso.tools.win32_11.6.0.202112161359/tools/bin/../lib/gcc/arm-none-eabi/10.3.1/../../../../arm-none-eabi/lib/thumb/v6-m/nofp\libcr_c.a(memset.o)
 .comment       0x00000049       0x4a d:/mcuxpressoide_11.6.0_8187/ide/plugins/com.nxp.mcuxpresso.tools.win32_11.6.0.202112161359/tools/bin/../lib/gcc/arm-none-eabi/10.3.1/../../../../arm-none-eabi/lib/thumb/v6-m/nofp\libcr_c.a(_deferredlazyseek.o)
 .comment       0x00000049       0x4a d:/mcuxpressoide_11.6.0_8187/ide/plugins/com.nxp.mcuxpresso.tools.win32_11.6.0.202112161359/tools/bin/../lib/gcc/arm-none-eabi/10.3.1/../../../../arm-none-eabi/lib/thumb/v6-m/nofp\libcr_c.a(_fflush.o)
 .comment       0x00000049       0x4a d:/mcuxpressoide_11.6.0_8187/ide/plugins/com.nxp.mcuxpresso.tools.win32_11.6.0.202112161359/tools/bin/../lib/gcc/arm-none-eabi/10.3.1/../../../../arm-none-eabi/lib/thumb/v6-m/nofp\libcr_c.a(_writebuf.o)
 .comment       0x00000049       0x4a d:/mcuxpressoide_11.6.0_8187/ide/plugins/com.nxp.mcuxpresso.tools.win32_11.6.0.202112161359/tools/bin/../lib/gcc/arm-none-eabi/10.3.1/../../../../arm-none-eabi/lib/thumb/v6-m/nofp\libcr_c.a(alloc.o)
 .comment       0x00000049       0x4a d:/mcuxpressoide_11.6.0_8187/ide/plugins/com.nxp.mcuxpresso.tools.win32_11.6.0.202112161359/tools/bin/../lib/gcc/arm-none-eabi/10.3.1/../../../../arm-none-eabi/lib/thumb/v6-m/nofp\libcr_c.a(fputs.o)
 .comment       0x00000049       0x4a d:/mcuxpressoide_11.6.0_8187/ide/plugins/com.nxp.mcuxpresso.tools.win32_11.6.0.202112161359/tools/bin/../lib/gcc/arm-none-eabi/10.3.1/../../../../arm-none-eabi/lib/thumb/v6-m/nofp\libcr_c.a(fseek.o)
 .comment       0x00000049       0x4a d:/mcuxpressoide_11.6.0_8187/ide/plugins/com.nxp.mcuxpresso.tools.win32_11.6.0.202112161359/tools/bin/../lib/gcc/arm-none-eabi/10.3.1/../../../../arm-none-eabi/lib/thumb/v6-m/nofp\libcr_c.a(ftell.o)
 .comment       0x00000049       0x4a d:/mcuxpressoide_11.6.0_8187/ide/plugins/com.nxp.mcuxpresso.tools.win32_11.6.0.202112161359/tools/bin/../lib/gcc/arm-none-eabi/10.3.1/../../../../arm-none-eabi/lib/thumb/v6-m/nofp\libcr_c.a(initio.o)
 .comment       0x00000049       0x4a d:/mcuxpressoide_11.6.0_8187/ide/plugins/com.nxp.mcuxpresso.tools.win32_11.6.0.202112161359/tools/bin/../lib/gcc/arm-none-eabi/10.3.1/../../../../arm-none-eabi/lib/thumb/v6-m/nofp\libcr_c.a(printf.o)
 .comment       0x00000049       0x4a d:/mcuxpressoide_11.6.0_8187/ide/plugins/com.nxp.mcuxpresso.tools.win32_11.6.0.202112161359/tools/bin/../lib/gcc/arm-none-eabi/10.3.1/../../../../arm-none-eabi/lib/thumb/v6-m/nofp\libcr_c.a(setvbuf.o)
 .comment       0x00000049       0x4a d:/mcuxpressoide_11.6.0_8187/ide/plugins/com.nxp.mcuxpresso.tools.win32_11.6.0.202112161359/tools/bin/../lib/gcc/arm-none-eabi/10.3.1/../../../../arm-none-eabi/lib/thumb/v6-m/nofp\libcr_c.a(strlen.o)
 .comment       0x00000049       0x4a d:/mcuxpressoide_11.6.0_8187/ide/plugins/com.nxp.mcuxpresso.tools.win32_11.6.0.202112161359/tools/bin/../lib/gcc/arm-none-eabi/10.3.1/../../../../arm-none-eabi/lib/thumb/v6-m/nofp\libcr_c.a(__init_alloc.o)
 .comment       0x00000049       0x4a d:/mcuxpressoide_11.6.0_8187/ide/plugins/com.nxp.mcuxpresso.tools.win32_11.6.0.202112161359/tools/bin/../lib/gcc/arm-none-eabi/10.3.1/../../../../arm-none-eabi/lib/thumb/v6-m/nofp\libcr_c.a(_cr_sbrk.o)
 .comment       0x00000049       0x4a d:/mcuxpressoide_11.6.0_8187/ide/plugins/com.nxp.mcuxpresso.tools.win32_11.6.0.202112161359/tools/bin/../lib/gcc/arm-none-eabi/10.3.1/../../../../arm-none-eabi/lib/thumb/v6-m/nofp\libcr_c.a(_fdopen.o)
 .comment       0x00000049       0x4a d:/mcuxpressoide_11.6.0_8187/ide/plugins/com.nxp.mcuxpresso.tools.win32_11.6.0.202112161359/tools/bin/../lib/gcc/arm-none-eabi/10.3.1/../../../../arm-none-eabi/lib/thumb/v6-m/nofp\libcr_c.a(errno.o)
 .comment       0x00000049       0x4a d:/mcuxpressoide_11.6.0_8187/ide/plugins/com.nxp.mcuxpresso.tools.win32_11.6.0.202112161359/tools/bin/../lib/gcc/arm-none-eabi/10.3.1/../../../../arm-none-eabi/lib/thumb/v6-m/nofp\libcr_c.a(fclose.o)
 .comment       0x00000049       0x4a d:/mcuxpressoide_11.6.0_8187/ide/plugins/com.nxp.mcuxpresso.tools.win32_11.6.0.202112161359/tools/bin/../lib/gcc/arm-none-eabi/10.3.1/../../../../arm-none-eabi/lib/thumb/v6-m/nofp\libcr_c.a(fflush.o)
 .comment       0x00000049       0x4a d:/mcuxpressoide_11.6.0_8187/ide/plugins/com.nxp.mcuxpresso.tools.win32_11.6.0.202112161359/tools/bin/../lib/gcc/arm-none-eabi/10.3.1/../../../../arm-none-eabi/lib/thumb/v6-m/nofp\libcr_c.a(remove.o)
 .comment       0x00000049       0x4a d:/mcuxpressoide_11.6.0_8187/ide/plugins/com.nxp.mcuxpresso.tools.win32_11.6.0.202112161359/tools/bin/../lib/gcc/arm-none-eabi/10.3.1/../../../../arm-none-eabi/lib/thumb/v6-m/nofp\libcr_c.a(_cr_check_heap.o)
 .comment       0x00000049       0x4a d:/mcuxpressoide_11.6.0_8187/ide/plugins/com.nxp.mcuxpresso.tools.win32_11.6.0.202112161359/tools/bin/../lib/gcc/arm-none-eabi/10.3.1/../../../../arm-none-eabi/lib/thumb/v6-m/nofp\libcr_c.a(_do_fflush.o)

.ARM.attributes
                0x00000000       0x2a
 .ARM.attributes
                0x00000000       0x2c ./utilities/fsl_debug_console.o
 .ARM.attributes
                0x0000002c       0x2c ./startup/startup_mkl25z4.o
 .ARM.attributes
                0x00000058       0x2c ./source/ADC.o
 .ARM.attributes
                0x00000084       0x2c ./source/Autotune.o
 .ARM.attributes
                0x000000b0       0x2c ./source/DAC.o
 .ARM.attributes
                0x000000dc       0x2c ./source/DMA.o
 .ARM.attributes
                0x00000108       0x2c ./source/TPM.o
 .ARM.attributes
                0x00000134       0x2c ./source/autocorrelate.o
 .ARM.attributes
                0x00000160       0x2c ./source/mtb.o
 .ARM.attributes
                0x0000018c       0x2c ./source/semihost_hardfault.o
 .ARM.attributes
                0x000001b8       0x2c ./source/sin.o
 .ARM.attributes
                0x000001e4       0x2c ./source/systick.o
 .ARM.attributes
                0x00000210       0x2c ./drivers/fsl_clock.o
 .ARM.attributes
                0x0000023c       0x2c ./drivers/fsl_lpsci.o
 .ARM.attributes
                0x00000268       0x2c ./drivers/fsl_uart.o
 .ARM.attributes
                0x00000294       0x2c ./board/board.o
 .ARM.attributes
                0x000002c0       0x2c ./board/clock_config.o
 .ARM.attributes
                0x000002ec       0x2c ./board/peripherals.o
 .ARM.attributes
                0x00000318       0x2c ./board/pin_mux.o
 .ARM.attributes
                0x00000344       0x2c ./CMSIS/system_MKL25Z4.o
 .ARM.attributes
                0x00000370       0x2c C:/Users/itssh/Documents/MCUXpressoIDE_11.6.0_8187/workspace/PBKDF2/Autotune/Debug/source/fp_trig.o
 .ARM.attributes
                0x0000039c       0x2c d:/mcuxpressoide_11.6.0_8187/ide/plugins/com.nxp.mcuxpresso.tools.win32_11.6.0.202112161359/tools/bin/../lib/gcc/arm-none-eabi/10.3.1/../../../../arm-none-eabi/lib/thumb/v6-m/nofp\libcr_semihost_nf.a(_cr__main.o)
 .ARM.attributes
                0x000003c8       0x2c d:/mcuxpressoide_11.6.0_8187/ide/plugins/com.nxp.mcuxpresso.tools.win32_11.6.0.202112161359/tools/bin/../lib/gcc/arm-none-eabi/10.3.1/../../../../arm-none-eabi/lib/thumb/v6-m/nofp\libcr_semihost_nf.a(_cr_assert.o)
 .ARM.attributes
                0x000003f4       0x2c d:/mcuxpressoide_11.6.0_8187/ide/plugins/com.nxp.mcuxpresso.tools.win32_11.6.0.202112161359/tools/bin/../lib/gcc/arm-none-eabi/10.3.1/../../../../arm-none-eabi/lib/thumb/v6-m/nofp\libcr_semihost_nf.a(__ciob.o)
 .ARM.attributes
                0x00000420       0x1c d:/mcuxpressoide_11.6.0_8187/ide/plugins/com.nxp.mcuxpresso.tools.win32_11.6.0.202112161359/tools/bin/../lib/gcc/arm-none-eabi/10.3.1/../../../../arm-none-eabi/lib/thumb/v6-m/nofp\libcr_semihost_nf.a(__sys_appexit.o)
 .ARM.attributes
                0x0000043c       0x2c d:/mcuxpressoide_11.6.0_8187/ide/plugins/com.nxp.mcuxpresso.tools.win32_11.6.0.202112161359/tools/bin/../lib/gcc/arm-none-eabi/10.3.1/../../../../arm-none-eabi/lib/thumb/v6-m/nofp\libcr_c.a(memset.o)
 .ARM.attributes
                0x00000468       0x2c d:/mcuxpressoide_11.6.0_8187/ide/plugins/com.nxp.mcuxpresso.tools.win32_11.6.0.202112161359/tools/bin/../lib/gcc/arm-none-eabi/10.3.1/../../../../arm-none-eabi/lib/thumb/v6-m/nofp\libcr_c.a(_deferredlazyseek.o)
 .ARM.attributes
                0x00000494       0x2c d:/mcuxpressoide_11.6.0_8187/ide/plugins/com.nxp.mcuxpresso.tools.win32_11.6.0.202112161359/tools/bin/../lib/gcc/arm-none-eabi/10.3.1/../../../../arm-none-eabi/lib/thumb/v6-m/nofp\libcr_c.a(_fflush.o)
 .ARM.attributes
                0x000004c0       0x2c d:/mcuxpressoide_11.6.0_8187/ide/plugins/com.nxp.mcuxpresso.tools.win32_11.6.0.202112161359/tools/bin/../lib/gcc/arm-none-eabi/10.3.1/../../../../arm-none-eabi/lib/thumb/v6-m/nofp\libcr_c.a(_writebuf.o)
 .ARM.attributes
                0x000004ec       0x2c d:/mcuxpressoide_11.6.0_8187/ide/plugins/com.nxp.mcuxpresso.tools.win32_11.6.0.202112161359/tools/bin/../lib/gcc/arm-none-eabi/10.3.1/../../../../arm-none-eabi/lib/thumb/v6-m/nofp\libcr_c.a(alloc.o)
 .ARM.attributes
                0x00000518       0x2c d:/mcuxpressoide_11.6.0_8187/ide/plugins/com.nxp.mcuxpresso.tools.win32_11.6.0.202112161359/tools/bin/../lib/gcc/arm-none-eabi/10.3.1/../../../../arm-none-eabi/lib/thumb/v6-m/nofp\libcr_c.a(fputs.o)
 .ARM.attributes
                0x00000544       0x2c d:/mcuxpressoide_11.6.0_8187/ide/plugins/com.nxp.mcuxpresso.tools.win32_11.6.0.202112161359/tools/bin/../lib/gcc/arm-none-eabi/10.3.1/../../../../arm-none-eabi/lib/thumb/v6-m/nofp\libcr_c.a(fseek.o)
 .ARM.attributes
                0x00000570       0x2c d:/mcuxpressoide_11.6.0_8187/ide/plugins/com.nxp.mcuxpresso.tools.win32_11.6.0.202112161359/tools/bin/../lib/gcc/arm-none-eabi/10.3.1/../../../../arm-none-eabi/lib/thumb/v6-m/nofp\libcr_c.a(ftell.o)
 .ARM.attributes
                0x0000059c       0x2c d:/mcuxpressoide_11.6.0_8187/ide/plugins/com.nxp.mcuxpresso.tools.win32_11.6.0.202112161359/tools/bin/../lib/gcc/arm-none-eabi/10.3.1/../../../../arm-none-eabi/lib/thumb/v6-m/nofp\libcr_c.a(initio.o)
 .ARM.attributes
                0x000005c8       0x2c d:/mcuxpressoide_11.6.0_8187/ide/plugins/com.nxp.mcuxpresso.tools.win32_11.6.0.202112161359/tools/bin/../lib/gcc/arm-none-eabi/10.3.1/../../../../arm-none-eabi/lib/thumb/v6-m/nofp\libcr_c.a(printf.o)
 .ARM.attributes
                0x000005f4       0x2c d:/mcuxpressoide_11.6.0_8187/ide/plugins/com.nxp.mcuxpresso.tools.win32_11.6.0.202112161359/tools/bin/../lib/gcc/arm-none-eabi/10.3.1/../../../../arm-none-eabi/lib/thumb/v6-m/nofp\libcr_c.a(setvbuf.o)
 .ARM.attributes
                0x00000620       0x2c d:/mcuxpressoide_11.6.0_8187/ide/plugins/com.nxp.mcuxpresso.tools.win32_11.6.0.202112161359/tools/bin/../lib/gcc/arm-none-eabi/10.3.1/../../../../arm-none-eabi/lib/thumb/v6-m/nofp\libcr_c.a(strlen.o)
 .ARM.attributes
                0x0000064c       0x2c d:/mcuxpressoide_11.6.0_8187/ide/plugins/com.nxp.mcuxpresso.tools.win32_11.6.0.202112161359/tools/bin/../lib/gcc/arm-none-eabi/10.3.1/../../../../arm-none-eabi/lib/thumb/v6-m/nofp\libcr_c.a(__init_alloc.o)
 .ARM.attributes
                0x00000678       0x2c d:/mcuxpressoide_11.6.0_8187/ide/plugins/com.nxp.mcuxpresso.tools.win32_11.6.0.202112161359/tools/bin/../lib/gcc/arm-none-eabi/10.3.1/../../../../arm-none-eabi/lib/thumb/v6-m/nofp\libcr_c.a(_cr_sbrk.o)
 .ARM.attributes
                0x000006a4       0x2c d:/mcuxpressoide_11.6.0_8187/ide/plugins/com.nxp.mcuxpresso.tools.win32_11.6.0.202112161359/tools/bin/../lib/gcc/arm-none-eabi/10.3.1/../../../../arm-none-eabi/lib/thumb/v6-m/nofp\libcr_c.a(_fdopen.o)
 .ARM.attributes
                0x000006d0       0x2c d:/mcuxpressoide_11.6.0_8187/ide/plugins/com.nxp.mcuxpresso.tools.win32_11.6.0.202112161359/tools/bin/../lib/gcc/arm-none-eabi/10.3.1/../../../../arm-none-eabi/lib/thumb/v6-m/nofp\libcr_c.a(errno.o)
 .ARM.attributes
                0x000006fc       0x2c d:/mcuxpressoide_11.6.0_8187/ide/plugins/com.nxp.mcuxpresso.tools.win32_11.6.0.202112161359/tools/bin/../lib/gcc/arm-none-eabi/10.3.1/../../../../arm-none-eabi/lib/thumb/v6-m/nofp\libcr_c.a(fclose.o)
 .ARM.attributes
                0x00000728       0x2c d:/mcuxpressoide_11.6.0_8187/ide/plugins/com.nxp.mcuxpresso.tools.win32_11.6.0.202112161359/tools/bin/../lib/gcc/arm-none-eabi/10.3.1/../../../../arm-none-eabi/lib/thumb/v6-m/nofp\libcr_c.a(fflush.o)
 .ARM.attributes
                0x00000754       0x2c d:/mcuxpressoide_11.6.0_8187/ide/plugins/com.nxp.mcuxpresso.tools.win32_11.6.0.202112161359/tools/bin/../lib/gcc/arm-none-eabi/10.3.1/../../../../arm-none-eabi/lib/thumb/v6-m/nofp\libcr_c.a(remove.o)
 .ARM.attributes
                0x00000780       0x2c d:/mcuxpressoide_11.6.0_8187/ide/plugins/com.nxp.mcuxpresso.tools.win32_11.6.0.202112161359/tools/bin/../lib/gcc/arm-none-eabi/10.3.1/../../../../arm-none-eabi/lib/thumb/v6-m/nofp\libcr_c.a(_cr_check_heap.o)
 .ARM.attributes
                0x000007ac       0x2c d:/mcuxpressoide_11.6.0_8187/ide/plugins/com.nxp.mcuxpresso.tools.win32_11.6.0.202112161359/tools/bin/../lib/gcc/arm-none-eabi/10.3.1/../../../../arm-none-eabi/lib/thumb/v6-m/nofp\libcr_c.a(_do_fflush.o)
 .ARM.attributes
                0x000007d8       0x1c d:/mcuxpressoide_11.6.0_8187/ide/plugins/com.nxp.mcuxpresso.tools.win32_11.6.0.202112161359/tools/bin/../lib/gcc/arm-none-eabi/10.3.1/thumb/v6-m/nofp\libcr_eabihelpers.a(division_32.o)
 .ARM.attributes
                0x000007f4       0x1c d:/mcuxpressoide_11.6.0_8187/ide/plugins/com.nxp.mcuxpresso.tools.win32_11.6.0.202112161359/tools/bin/../lib/gcc/arm-none-eabi/10.3.1/thumb/v6-m/nofp\libcr_eabihelpers.a(division_idiv0.o)
 .ARM.attributes
                0x00000810       0x1c d:/mcuxpressoide_11.6.0_8187/ide/plugins/com.nxp.mcuxpresso.tools.win32_11.6.0.202112161359/tools/bin/../lib/gcc/arm-none-eabi/10.3.1/thumb/v6-m/nofp\libcr_eabihelpers.a(llong.o)
 .ARM.attributes
                0x0000082c       0x1c d:/mcuxpressoide_11.6.0_8187/ide/plugins/com.nxp.mcuxpresso.tools.win32_11.6.0.202112161359/tools/bin/../lib/gcc/arm-none-eabi/10.3.1/thumb/v6-m/nofp\libcr_eabihelpers.a(memcpy.o)
 .ARM.attributes
                0x00000848       0x1c d:/mcuxpressoide_11.6.0_8187/ide/plugins/com.nxp.mcuxpresso.tools.win32_11.6.0.202112161359/tools/bin/../lib/gcc/arm-none-eabi/10.3.1/thumb/v6-m/nofp\libcr_eabihelpers.a(thumb1_switch_helpers.o)
 .ARM.attributes
                0x00000864       0x1c d:/mcuxpressoide_11.6.0_8187/ide/plugins/com.nxp.mcuxpresso.tools.win32_11.6.0.202112161359/tools/bin/../lib/gcc/arm-none-eabi/10.3.1/../../../../arm-none-eabi/lib/thumb/v6-m/nofp\libcr_semihost_nf.a(__sys_close.o)
 .ARM.attributes
                0x00000880       0x1c d:/mcuxpressoide_11.6.0_8187/ide/plugins/com.nxp.mcuxpresso.tools.win32_11.6.0.202112161359/tools/bin/../lib/gcc/arm-none-eabi/10.3.1/../../../../arm-none-eabi/lib/thumb/v6-m/nofp\libcr_semihost_nf.a(__sys_flen.o)
 .ARM.attributes
                0x0000089c       0x1c d:/mcuxpressoide_11.6.0_8187/ide/plugins/com.nxp.mcuxpresso.tools.win32_11.6.0.202112161359/tools/bin/../lib/gcc/arm-none-eabi/10.3.1/../../../../arm-none-eabi/lib/thumb/v6-m/nofp\libcr_semihost_nf.a(__sys_istty.o)
 .ARM.attributes
                0x000008b8       0x1c d:/mcuxpressoide_11.6.0_8187/ide/plugins/com.nxp.mcuxpresso.tools.win32_11.6.0.202112161359/tools/bin/../lib/gcc/arm-none-eabi/10.3.1/../../../../arm-none-eabi/lib/thumb/v6-m/nofp\libcr_semihost_nf.a(__sys_remove.o)
 .ARM.attributes
                0x000008d4       0x1c d:/mcuxpressoide_11.6.0_8187/ide/plugins/com.nxp.mcuxpresso.tools.win32_11.6.0.202112161359/tools/bin/../lib/gcc/arm-none-eabi/10.3.1/../../../../arm-none-eabi/lib/thumb/v6-m/nofp\libcr_semihost_nf.a(__sys_seek.o)
 .ARM.attributes
                0x000008f0       0x1c d:/mcuxpressoide_11.6.0_8187/ide/plugins/com.nxp.mcuxpresso.tools.win32_11.6.0.202112161359/tools/bin/../lib/gcc/arm-none-eabi/10.3.1/../../../../arm-none-eabi/lib/thumb/v6-m/nofp\libcr_semihost_nf.a(__sys_tmpnam.o)
 .ARM.attributes
                0x0000090c       0x1c d:/mcuxpressoide_11.6.0_8187/ide/plugins/com.nxp.mcuxpresso.tools.win32_11.6.0.202112161359/tools/bin/../lib/gcc/arm-none-eabi/10.3.1/../../../../arm-none-eabi/lib/thumb/v6-m/nofp\libcr_semihost_nf.a(__sys_write.o)

.debug_frame    0x00000000     0x1a64
 .debug_frame   0x00000000       0xcc ./utilities/fsl_debug_console.o
 .debug_frame   0x000000cc      0x3b0 ./startup/startup_mkl25z4.o
 .debug_frame   0x0000047c       0x68 ./source/ADC.o
 .debug_frame   0x000004e4       0x30 ./source/Autotune.o
 .debug_frame   0x00000514       0x2c ./source/DAC.o
 .debug_frame   0x00000540       0xc8 ./source/DMA.o
 .debug_frame   0x00000608       0x64 ./source/TPM.o
 .debug_frame   0x0000066c       0x30 ./source/autocorrelate.o
 .debug_frame   0x0000069c       0x20 ./source/semihost_hardfault.o
 .debug_frame   0x000006bc       0x88 ./source/sin.o
 .debug_frame   0x00000744       0x88 ./source/systick.o
 .debug_frame   0x000007cc      0x6e0 ./drivers/fsl_clock.o
 .debug_frame   0x00000eac      0x414 ./drivers/fsl_lpsci.o
 .debug_frame   0x000012c0      0x464 ./drivers/fsl_uart.o
 .debug_frame   0x00001724       0x50 ./board/board.o
 .debug_frame   0x00001774      0x100 ./board/clock_config.o
 .debug_frame   0x00001874       0x2c ./board/peripherals.o
 .debug_frame   0x000018a0       0x88 ./board/pin_mux.o
 .debug_frame   0x00001928       0x4c ./CMSIS/system_MKL25Z4.o
 .debug_frame   0x00001974       0xf0 C:/Users/itssh/Documents/MCUXpressoIDE_11.6.0_8187/workspace/PBKDF2/Autotune/Debug/source/fp_trig.o

Cross Reference Table

Symbol                                            File
A4_Buffer                                         ./source/Autotune.o
                                                  ./source/sin.o
A5_Buffer                                         ./source/Autotune.o
                                                  ./source/sin.o
ADC0_DriverIRQHandler                             ./startup/startup_mkl25z4.o
ADC0_IRQHandler                                   ./startup/startup_mkl25z4.o
ADC_analyse                                       ./source/ADC.o
                                                  ./source/Autotune.o
BOARD_BootClockRUN                                ./board/clock_config.o
BOARD_BootClockVLPR                               ./board/clock_config.o
BOARD_InitBootClocks                              ./board/clock_config.o
                                                  ./source/Autotune.o
BOARD_InitBootPeripherals                         ./board/peripherals.o
                                                  ./source/Autotune.o
BOARD_InitBootPins                                ./board/pin_mux.o
                                                  ./source/Autotune.o
BOARD_InitDebugConsole                            ./board/board.o
                                                  ./source/Autotune.o
BOARD_InitPins                                    ./board/pin_mux.o
CLOCK_BootToBlpeMode                              ./drivers/fsl_clock.o
CLOCK_BootToBlpiMode                              ./drivers/fsl_clock.o
                                                  ./board/clock_config.o
CLOCK_BootToFeeMode                               ./drivers/fsl_clock.o
CLOCK_BootToFeiMode                               ./drivers/fsl_clock.o
CLOCK_BootToPeeMode                               ./drivers/fsl_clock.o
                                                  ./board/clock_config.o
CLOCK_CalcPllDiv                                  ./drivers/fsl_clock.o
CLOCK_ClearStatusFlags                            ./drivers/fsl_clock.o
CLOCK_DeinitOsc0                                  ./drivers/fsl_clock.o
CLOCK_EnablePll0                                  ./drivers/fsl_clock.o
CLOCK_EnableUsbfs0Clock                           ./drivers/fsl_clock.o
CLOCK_ExternalModeToFbeModeQuick                  ./drivers/fsl_clock.o
CLOCK_FllStableDelay                              ./drivers/fsl_clock.o
CLOCK_GetBusClkFreq                               ./drivers/fsl_clock.o
CLOCK_GetCoreSysClkFreq                           ./drivers/fsl_clock.o
CLOCK_GetEr32kClkFreq                             ./drivers/fsl_clock.o
CLOCK_GetFixedFreqClkFreq                         ./drivers/fsl_clock.o
CLOCK_GetFlashClkFreq                             ./drivers/fsl_clock.o
CLOCK_GetFllFreq                                  ./drivers/fsl_clock.o
CLOCK_GetFreq                                     ./drivers/fsl_clock.o
CLOCK_GetInternalRefClkFreq                       ./drivers/fsl_clock.o
CLOCK_GetMode                                     ./drivers/fsl_clock.o
CLOCK_GetOsc0ErClkFreq                            ./drivers/fsl_clock.o
CLOCK_GetOutClkFreq                               ./drivers/fsl_clock.o
CLOCK_GetPlatClkFreq                              ./drivers/fsl_clock.o
CLOCK_GetPll0Freq                                 ./drivers/fsl_clock.o
CLOCK_GetPllFllSelClkFreq                         ./drivers/fsl_clock.o
                                                  ./board/board.o
CLOCK_GetStatusFlags                              ./drivers/fsl_clock.o
CLOCK_InitOsc0                                    ./drivers/fsl_clock.o
                                                  ./board/clock_config.o
CLOCK_InternalModeToFbiModeQuick                  ./drivers/fsl_clock.o
CLOCK_SetBlpeMode                                 ./drivers/fsl_clock.o
CLOCK_SetBlpiMode                                 ./drivers/fsl_clock.o
CLOCK_SetExternalRefClkConfig                     ./drivers/fsl_clock.o
CLOCK_SetFbeMode                                  ./drivers/fsl_clock.o
CLOCK_SetFbiMode                                  ./drivers/fsl_clock.o
CLOCK_SetFeeMode                                  ./drivers/fsl_clock.o
CLOCK_SetFeiMode                                  ./drivers/fsl_clock.o
CLOCK_SetInternalRefClkConfig                     ./drivers/fsl_clock.o
                                                  ./board/clock_config.o
CLOCK_SetMcgConfig                                ./drivers/fsl_clock.o
CLOCK_SetOsc0MonitorMode                          ./drivers/fsl_clock.o
CLOCK_SetPbeMode                                  ./drivers/fsl_clock.o
CLOCK_SetPeeMode                                  ./drivers/fsl_clock.o
CLOCK_SetPll0MonitorMode                          ./drivers/fsl_clock.o
CLOCK_SetSimConfig                                ./drivers/fsl_clock.o
                                                  ./board/clock_config.o
CLOCK_TrimInternalRefClk                          ./drivers/fsl_clock.o
CMP0_DriverIRQHandler                             ./startup/startup_mkl25z4.o
CMP0_IRQHandler                                   ./startup/startup_mkl25z4.o
D5_Buffer                                         ./source/Autotune.o
                                                  ./source/sin.o
DAC0_DriverIRQHandler                             ./startup/startup_mkl25z4.o
DAC0_IRQHandler                                   ./startup/startup_mkl25z4.o
DMA0_DriverIRQHandler                             ./startup/startup_mkl25z4.o
DMA0_IRQHandler                                   ./source/DMA.o
                                                  ./startup/startup_mkl25z4.o
DMA0_start_transfer                               ./source/DMA.o
                                                  ./source/sin.o
                                                  ./source/Autotune.o
DMA1_DriverIRQHandler                             ./startup/startup_mkl25z4.o
DMA1_IRQHandler                                   ./startup/startup_mkl25z4.o
DMA2_DriverIRQHandler                             ./startup/startup_mkl25z4.o
DMA2_IRQHandler                                   ./startup/startup_mkl25z4.o
DMA3_DriverIRQHandler                             ./startup/startup_mkl25z4.o
DMA3_IRQHandler                                   ./startup/startup_mkl25z4.o
DMA_byte_count                                    ./source/DMA.o
DbgConsole_Deinit                                 ./utilities/fsl_debug_console.o
DbgConsole_Init                                   ./utilities/fsl_debug_console.o
                                                  ./board/board.o
E5_Buffer                                         ./source/Autotune.o
                                                  ./source/sin.o
FLASH_Erase                                       ./drivers/fsl_flash.o
FLASH_EraseAll                                    ./drivers/fsl_flash.o
FLASH_EraseAllExecuteOnlySegments                 ./drivers/fsl_flash.o
FLASH_GetProperty                                 ./drivers/fsl_flash.o
FLASH_GetSecurityState                            ./drivers/fsl_flash.o
FLASH_Init                                        ./drivers/fsl_flash.o
FLASH_IsExecuteOnly                               ./drivers/fsl_flash.o
FLASH_IsProtected                                 ./drivers/fsl_flash.o
FLASH_PflashGetPrefetchSpeculation                ./drivers/fsl_flash.o
FLASH_PflashGetProtection                         ./drivers/fsl_flash.o
FLASH_PflashSetPrefetchSpeculation                ./drivers/fsl_flash.o
                                                  ./drivers/fsl_smc.o
FLASH_PflashSetProtection                         ./drivers/fsl_flash.o
FLASH_PrepareExecuteInRamFunctions                ./drivers/fsl_flash.o
FLASH_Program                                     ./drivers/fsl_flash.o
FLASH_ProgramOnce                                 ./drivers/fsl_flash.o
FLASH_ReadOnce                                    ./drivers/fsl_flash.o
FLASH_ReadResource                                ./drivers/fsl_flash.o
FLASH_SecurityBypass                              ./drivers/fsl_flash.o
FLASH_SetCallback                                 ./drivers/fsl_flash.o
FLASH_SetProperty                                 ./drivers/fsl_flash.o
FLASH_VerifyErase                                 ./drivers/fsl_flash.o
FLASH_VerifyEraseAll                              ./drivers/fsl_flash.o
FLASH_VerifyEraseAllExecuteOnlySegments           ./drivers/fsl_flash.o
FLASH_VerifyProgram                               ./drivers/fsl_flash.o
FTFA_DriverIRQHandler                             ./startup/startup_mkl25z4.o
FTFA_IRQHandler                                   ./startup/startup_mkl25z4.o
Flash_Config                                      ./startup/startup_mkl25z4.o
GPIO_ClearPinsInterruptFlags                      ./drivers/fsl_gpio.o
GPIO_GetPinsInterruptFlags                        ./drivers/fsl_gpio.o
GPIO_PinInit                                      ./drivers/fsl_gpio.o
HardFault_Handler                                 ./source/semihost_hardfault.o
                                                  ./startup/startup_mkl25z4.o
I2C0_DriverIRQHandler                             ./startup/startup_mkl25z4.o
I2C0_IRQHandler                                   ./startup/startup_mkl25z4.o
I2C1_DriverIRQHandler                             ./startup/startup_mkl25z4.o
I2C1_IRQHandler                                   ./startup/startup_mkl25z4.o
Init_ADC0                                         ./source/ADC.o
                                                  ./source/Autotune.o
Init_DAC0                                         ./source/DAC.o
                                                  ./source/Autotune.o
Init_DMA                                          ./source/DMA.o
                                                  ./source/sin.o
                                                  ./source/Autotune.o
Init_SysTick                                      ./source/systick.o
                                                  ./source/Autotune.o
Init_TPM0                                         ./source/TPM.o
                                                  ./source/Autotune.o
Init_TPM1                                         ./source/TPM.o
                                                  ./source/Autotune.o
                                                  ./source/ADC.o
InstallIRQHandler                                 ./drivers/fsl_common.o
IntDefaultHandler                                 ./startup/startup_mkl25z4.o
LLWU_DriverIRQHandler                             ./startup/startup_mkl25z4.o
LLWU_IRQHandler                                   ./startup/startup_mkl25z4.o
LPSCI_ClearStatusFlags                            ./drivers/fsl_lpsci.o
LPSCI_Deinit                                      ./drivers/fsl_lpsci.o
                                                  ./utilities/fsl_debug_console.o
LPSCI_DisableInterrupts                           ./drivers/fsl_lpsci.o
LPSCI_EnableInterrupts                            ./drivers/fsl_lpsci.o
LPSCI_GetDefaultConfig                            ./drivers/fsl_lpsci.o
                                                  ./utilities/fsl_debug_console.o
LPSCI_GetEnabledInterrupts                        ./drivers/fsl_lpsci.o
LPSCI_GetInstance                                 ./drivers/fsl_lpsci.o
LPSCI_GetStatusFlags                              ./drivers/fsl_lpsci.o
LPSCI_Init                                        ./drivers/fsl_lpsci.o
                                                  ./utilities/fsl_debug_console.o
LPSCI_ReadBlocking                                ./drivers/fsl_lpsci.o
                                                  ./utilities/fsl_debug_console.o
LPSCI_SetBaudRate                                 ./drivers/fsl_lpsci.o
LPSCI_TransferAbortReceive                        ./drivers/fsl_lpsci.o
LPSCI_TransferAbortSend                           ./drivers/fsl_lpsci.o
LPSCI_TransferCreateHandle                        ./drivers/fsl_lpsci.o
LPSCI_TransferGetReceiveCount                     ./drivers/fsl_lpsci.o
LPSCI_TransferGetSendCount                        ./drivers/fsl_lpsci.o
LPSCI_TransferHandleErrorIRQ                      ./drivers/fsl_lpsci.o
LPSCI_TransferHandleIRQ                           ./drivers/fsl_lpsci.o
LPSCI_TransferReceiveNonBlocking                  ./drivers/fsl_lpsci.o
LPSCI_TransferSendNonBlocking                     ./drivers/fsl_lpsci.o
LPSCI_TransferStartRingBuffer                     ./drivers/fsl_lpsci.o
LPSCI_TransferStopRingBuffer                      ./drivers/fsl_lpsci.o
LPSCI_WriteBlocking                               ./drivers/fsl_lpsci.o
                                                  ./utilities/fsl_debug_console.o
LPTMR0_DriverIRQHandler                           ./startup/startup_mkl25z4.o
LPTMR0_IRQHandler                                 ./startup/startup_mkl25z4.o
LVD_LVW_DriverIRQHandler                          ./startup/startup_mkl25z4.o
LVD_LVW_IRQHandler                                ./startup/startup_mkl25z4.o
MCG_DriverIRQHandler                              ./startup/startup_mkl25z4.o
MCG_IRQHandler                                    ./startup/startup_mkl25z4.o
NMI_Handler                                       ./startup/startup_mkl25z4.o
PIT_DriverIRQHandler                              ./startup/startup_mkl25z4.o
PIT_IRQHandler                                    ./startup/startup_mkl25z4.o
PORTA_DriverIRQHandler                            ./startup/startup_mkl25z4.o
PORTA_IRQHandler                                  ./startup/startup_mkl25z4.o
PORTD_DriverIRQHandler                            ./startup/startup_mkl25z4.o
PORTD_IRQHandler                                  ./startup/startup_mkl25z4.o
PendSV_Handler                                    ./startup/startup_mkl25z4.o
RTC_DriverIRQHandler                              ./startup/startup_mkl25z4.o
RTC_IRQHandler                                    ./startup/startup_mkl25z4.o
RTC_Seconds_DriverIRQHandler                      ./startup/startup_mkl25z4.o
RTC_Seconds_IRQHandler                            ./startup/startup_mkl25z4.o
Reserved20_DriverIRQHandler                       ./startup/startup_mkl25z4.o
Reserved20_IRQHandler                             ./startup/startup_mkl25z4.o
Reserved39_DriverIRQHandler                       ./startup/startup_mkl25z4.o
Reserved39_IRQHandler                             ./startup/startup_mkl25z4.o
Reserved45_DriverIRQHandler                       ./startup/startup_mkl25z4.o
Reserved45_IRQHandler                             ./startup/startup_mkl25z4.o
ResetISR                                          ./startup/startup_mkl25z4.o
SMC_PostExitStopModes                             ./drivers/fsl_smc.o
SMC_PreEnterStopModes                             ./drivers/fsl_smc.o
SMC_SetPowerModeLls                               ./drivers/fsl_smc.o
SMC_SetPowerModeRun                               ./drivers/fsl_smc.o
SMC_SetPowerModeStop                              ./drivers/fsl_smc.o
SMC_SetPowerModeVlls                              ./drivers/fsl_smc.o
SMC_SetPowerModeVlpr                              ./drivers/fsl_smc.o
                                                  ./board/clock_config.o
SMC_SetPowerModeVlps                              ./drivers/fsl_smc.o
SMC_SetPowerModeVlpw                              ./drivers/fsl_smc.o
SMC_SetPowerModeWait                              ./drivers/fsl_smc.o
SPI0_DriverIRQHandler                             ./startup/startup_mkl25z4.o
SPI0_IRQHandler                                   ./startup/startup_mkl25z4.o
SPI1_DriverIRQHandler                             ./startup/startup_mkl25z4.o
SPI1_IRQHandler                                   ./startup/startup_mkl25z4.o
SVC_Handler                                       ./startup/startup_mkl25z4.o
SysTick_Handler                                   ./source/systick.o
                                                  ./startup/startup_mkl25z4.o
SystemCoreClock                                   ./CMSIS/system_MKL25Z4.o
                                                  ./board/clock_config.o
SystemCoreClockUpdate                             ./CMSIS/system_MKL25Z4.o
SystemInit                                        ./CMSIS/system_MKL25Z4.o
                                                  ./startup/startup_mkl25z4.o
TPM0_DriverIRQHandler                             ./startup/startup_mkl25z4.o
TPM0_IRQHandler                                   ./startup/startup_mkl25z4.o
TPM1_DriverIRQHandler                             ./startup/startup_mkl25z4.o
TPM1_IRQHandler                                   ./startup/startup_mkl25z4.o
TPM1_call                                         ./source/ADC.o
TPM2_DriverIRQHandler                             ./startup/startup_mkl25z4.o
TPM2_IRQHandler                                   ./startup/startup_mkl25z4.o
TSI0_DriverIRQHandler                             ./startup/startup_mkl25z4.o
TSI0_IRQHandler                                   ./startup/startup_mkl25z4.o
UART0_DriverIRQHandler                            ./drivers/fsl_lpsci.o
                                                  ./startup/startup_mkl25z4.o