C:\Users\itssh\Documents\MCUXpressoIDE_11.6.0_8187\workspace\PBKDF2\Autotune\CMSIS/core_cm0plus.h:745:22:NVIC_EnableIRQ	16	static
C:\Users\itssh\Documents\MCUXpressoIDE_11.6.0_8187\workspace\PBKDF2\Autotune\CMSIS/core_cm0plus.h:791:22:NVIC_ClearPendingIRQ	16	static
C:\Users\itssh\Documents\MCUXpressoIDE_11.6.0_8187\workspace\PBKDF2\Autotune\CMSIS/core_cm0plus.h:804:22:NVIC_SetPriority	24	static
../source/DMA.c:21:6:Init_DMA	16	static
../source/DMA.c:59:6:DMA0_start_transfer	8	static
../source/DMA.c:81:6:DMA0_IRQHandler	8	static
